Archive member included to satisfy reference by file (symbol)

d:/atmel/7.0/toolchain/arm/arm-gnu-toolchain/bin/../lib/gcc/arm-none-eabi/6.3.1/thumb/v6-m\libgcc.a(_udivsi3.o)
                              src/ASF/common2/services/delay/sam0/systick_counter.o (__aeabi_uidiv)
d:/atmel/7.0/toolchain/arm/arm-gnu-toolchain/bin/../lib/gcc/arm-none-eabi/6.3.1/thumb/v6-m\libgcc.a(_dvmd_tls.o)
                              d:/atmel/7.0/toolchain/arm/arm-gnu-toolchain/bin/../lib/gcc/arm-none-eabi/6.3.1/thumb/v6-m\libgcc.a(_udivsi3.o) (__aeabi_idiv0)
d:/atmel/7.0/toolchain/arm/arm-gnu-toolchain/bin/../lib/gcc/arm-none-eabi/6.3.1/thumb/v6-m\libgcc.a(_muldi3.o)
                              src/ASF/sam0/drivers/sercom/sercom.o (__aeabi_lmul)
d:/atmel/7.0/toolchain/arm/arm-gnu-toolchain/bin/../lib/gcc/arm-none-eabi/6.3.1/../../../../arm-none-eabi/lib/thumb/v6-m\libc_nano.a(lib_a-exit.o)
                              d:/atmel/7.0/toolchain/arm/arm-gnu-toolchain/bin/../lib/gcc/arm-none-eabi/6.3.1/../../../../arm-none-eabi/lib/thumb/v6-m/crt0.o (exit)
d:/atmel/7.0/toolchain/arm/arm-gnu-toolchain/bin/../lib/gcc/arm-none-eabi/6.3.1/../../../../arm-none-eabi/lib/thumb/v6-m\libc_nano.a(lib_a-impure.o)
                              d:/atmel/7.0/toolchain/arm/arm-gnu-toolchain/bin/../lib/gcc/arm-none-eabi/6.3.1/../../../../arm-none-eabi/lib/thumb/v6-m\libc_nano.a(lib_a-exit.o) (_global_impure_ptr)
d:/atmel/7.0/toolchain/arm/arm-gnu-toolchain/bin/../lib/gcc/arm-none-eabi/6.3.1/../../../../arm-none-eabi/lib/thumb/v6-m\libc_nano.a(lib_a-init.o)
                              d:/atmel/7.0/toolchain/arm/arm-gnu-toolchain/bin/../lib/gcc/arm-none-eabi/6.3.1/../../../../arm-none-eabi/lib/thumb/v6-m/crt0.o (__libc_init_array)
d:/atmel/7.0/toolchain/arm/arm-gnu-toolchain/bin/../lib/gcc/arm-none-eabi/6.3.1/../../../../arm-none-eabi/lib/thumb/v6-m\libc_nano.a(lib_a-memcpy-stub.o)
                              src/WIFI_E103W01.o (memcpy)
d:/atmel/7.0/toolchain/arm/arm-gnu-toolchain/bin/../lib/gcc/arm-none-eabi/6.3.1/../../../../arm-none-eabi/lib/thumb/v6-m\libc_nano.a(lib_a-memset.o)
                              d:/atmel/7.0/toolchain/arm/arm-gnu-toolchain/bin/../lib/gcc/arm-none-eabi/6.3.1/../../../../arm-none-eabi/lib/thumb/v6-m/crt0.o (memset)

Allocating common symbols
Common symbol       size              file

_rtc_instance       0x4               src/ASF/sam0/drivers/rtc/rtc_sam_d_r_h/rtc_count.o
wdt_early_warning_callback
                    0x4               src/ASF/sam0/drivers/wdt/wdt_callback.o
wifi_rx_buffer      0x14              src/Comm_func.o
finger_rx_buffer    0x1a              src/Comm_func.o
usart_wifi_instance
                    0x24              src/Comm_func.o
usart_finger_instance
                    0x24              src/Comm_func.o
_tc_instances       0x20              src/ASF/sam0/drivers/tc/tc_interrupt.o
_sercom_instances   0x18              src/ASF/sam0/drivers/sercom/sercom_interrupt.o
_extint_dev         0x40              src/ASF/sam0/drivers/extint/extint_sam_d_r_h/extint.o
usart_ble_instance  0x24              src/Comm_func.o
_current_channel    0x1               src/ASF/sam0/drivers/extint/extint_callback.o
ble_rx_buffer       0x15              src/Comm_func.o
tc_instance         0x1c              src/Comm_func.o

Discarded input sections

 .text          0x00000000        0x0 d:/atmel/7.0/toolchain/arm/arm-gnu-toolchain/bin/../lib/gcc/arm-none-eabi/6.3.1/thumb/v6-m/crti.o
 .data          0x00000000        0x0 d:/atmel/7.0/toolchain/arm/arm-gnu-toolchain/bin/../lib/gcc/arm-none-eabi/6.3.1/thumb/v6-m/crti.o
 .bss           0x00000000        0x0 d:/atmel/7.0/toolchain/arm/arm-gnu-toolchain/bin/../lib/gcc/arm-none-eabi/6.3.1/thumb/v6-m/crti.o
 .data          0x00000000        0x4 d:/atmel/7.0/toolchain/arm/arm-gnu-toolchain/bin/../lib/gcc/arm-none-eabi/6.3.1/thumb/v6-m/crtbegin.o
 .text          0x00000000       0x78 d:/atmel/7.0/toolchain/arm/arm-gnu-toolchain/bin/../lib/gcc/arm-none-eabi/6.3.1/../../../../arm-none-eabi/lib/thumb/v6-m/crt0.o
 .data          0x00000000        0x0 d:/atmel/7.0/toolchain/arm/arm-gnu-toolchain/bin/../lib/gcc/arm-none-eabi/6.3.1/../../../../arm-none-eabi/lib/thumb/v6-m/crt0.o
 .bss           0x00000000        0x0 d:/atmel/7.0/toolchain/arm/arm-gnu-toolchain/bin/../lib/gcc/arm-none-eabi/6.3.1/../../../../arm-none-eabi/lib/thumb/v6-m/crt0.o
 .ARM.extab     0x00000000        0x0 d:/atmel/7.0/toolchain/arm/arm-gnu-toolchain/bin/../lib/gcc/arm-none-eabi/6.3.1/../../../../arm-none-eabi/lib/thumb/v6-m/crt0.o
 .ARM.exidx     0x00000000        0x8 d:/atmel/7.0/toolchain/arm/arm-gnu-toolchain/bin/../lib/gcc/arm-none-eabi/6.3.1/../../../../arm-none-eabi/lib/thumb/v6-m/crt0.o
 .ARM.attributes
                0x00000000       0x1b d:/atmel/7.0/toolchain/arm/arm-gnu-toolchain/bin/../lib/gcc/arm-none-eabi/6.3.1/../../../../arm-none-eabi/lib/thumb/v6-m/crt0.o
 .group         0x00000000        0x8 src/ASF/sam0/drivers/extint/extint_sam_d_r_h/extint.o
[...]
Memory Configuration

Name             Origin             Length             Attributes
rom              0x00000000         0x00040000         xr
ram              0x20000000         0x00008000         xrw
*default*        0x00000000         0xffffffff

Linker script and memory map

LOAD d:/atmel/7.0/toolchain/arm/arm-gnu-toolchain/bin/../lib/gcc/arm-none-eabi/6.3.1/thumb/v6-m/crti.o
LOAD d:/atmel/7.0/toolchain/arm/arm-gnu-toolchain/bin/../lib/gcc/arm-none-eabi/6.3.1/thumb/v6-m/crtbegin.o
LOAD d:/atmel/7.0/toolchain/arm/arm-gnu-toolchain/bin/../lib/gcc/arm-none-eabi/6.3.1/../../../../arm-none-eabi/lib/thumb/v6-m/crt0.o
LOAD src/ASF/sam0/drivers/extint/extint_sam_d_r_h/extint.o
LOAD src/ASF/sam0/drivers/rtc/rtc_sam_d_r_h/rtc_count.o
LOAD src/ASF/sam0/drivers/rtc/rtc_sam_d_r_h/rtc_count_interrupt.o
LOAD src/ASF/sam0/drivers/sercom/sercom.o
LOAD src/ASF/sam0/drivers/tc/tc_interrupt.o
LOAD src/ASF/sam0/drivers/tc/tc_sam_d_r_h/tc.o
LOAD src/ASF/sam0/drivers/wdt/wdt.o
LOAD src/ASF/sam0/drivers/wdt/wdt_callback.o
LOAD src/Comm_func.o
LOAD src/TC-timer.o
LOAD src/WIFI_E103W01.o
LOAD src/ASF/sam0/drivers/sercom/usart/usart.o
LOAD src/ASF/sam0/drivers/sercom/usart/usart_interrupt.o
LOAD src/ASF/sam0/drivers/sercom/sercom_interrupt.o
LOAD src/ASF/sam0/drivers/extint/extint_callback.o
LOAD src/ASF/common2/services/delay/sam0/systick_counter.o
LOAD src/ASF/sam0/drivers/port/port.o
LOAD src/ASF/common2/boards/user_board/init.o
LOAD src/ASF/common/utils/interrupt/interrupt_sam_nvic.o
LOAD src/ASF/sam0/drivers/system/clock/clock_samd20/clock.o
LOAD src/ASF/sam0/drivers/system/clock/clock_samd20/gclk.o
LOAD src/ASF/sam0/drivers/system/interrupt/system_interrupt.o
LOAD src/ASF/sam0/drivers/system/pinmux/pinmux.o
LOAD src/ASF/sam0/drivers/system/system.o
LOAD src/ASF/sam0/utils/cmsis/samd20/source/gcc/startup_samd20.o
LOAD src/ASF/sam0/utils/cmsis/samd20/source/system_samd20.o
LOAD src/ASF/sam0/utils/syscalls/gcc/syscalls.o
LOAD src/BLE_E104BT02.o
LOAD src/FP_FPM023.o
LOAD src/main.o
START GROUP
LOAD ../src/ASF/thirdparty/CMSIS/Lib/GCC\libarm_cortexM0l_math.a
LOAD d:/atmel/7.0/toolchain/arm/arm-gnu-toolchain/bin/../lib/gcc/arm-none-eabi/6.3.1/../../../../arm-none-eabi/lib/thumb/v6-m\libm.a
END GROUP
START GROUP
LOAD d:/atmel/7.0/toolchain/arm/arm-gnu-toolchain/bin/../lib/gcc/arm-none-eabi/6.3.1/thumb/v6-m\libgcc.a
LOAD d:/atmel/7.0/toolchain/arm/arm-gnu-toolchain/bin/../lib/gcc/arm-none-eabi/6.3.1/../../../../arm-none-eabi/lib/thumb/v6-m\libc_nano.a
END GROUP
START GROUP
LOAD d:/atmel/7.0/toolchain/arm/arm-gnu-toolchain/bin/../lib/gcc/arm-none-eabi/6.3.1/thumb/v6-m\libgcc.a
LOAD d:/atmel/7.0/toolchain/arm/arm-gnu-toolchain/bin/../lib/gcc/arm-none-eabi/6.3.1/../../../../arm-none-eabi/lib/thumb/v6-m\libc_nano.a
END GROUP
LOAD d:/atmel/7.0/toolchain/arm/arm-gnu-toolchain/bin/../lib/gcc/arm-none-eabi/6.3.1/thumb/v6-m/crtend.o
LOAD d:/atmel/7.0/toolchain/arm/arm-gnu-toolchain/bin/../lib/gcc/arm-none-eabi/6.3.1/thumb/v6-m/crtn.o
                0x00002000                STACK_SIZE = DEFINED (STACK_SIZE)?STACK_SIZE:DEFINED (__stack_size__)?__stack_size__:0x2000

.text           0x00000000     0x22b4
                0x00000000                . = ALIGN (0x4)
                0x00000000                _sfixed = .
 *(.vectors .vectors.*)
 .vectors       0x00000000       0xa4 src/ASF/sam0/utils/cmsis/samd20/source/gcc/startup_samd20.o
                0x00000000                exception_table
 *(.text .text.* .gnu.linkonce.t.*)
 .text          0x000000a4       0x60 d:/atmel/7.0/toolchain/arm/arm-gnu-toolchain/bin/../lib/gcc/arm-none-eabi/6.3.1/thumb/v6-m/crtbegin.o
 .text._extint_enable
                0x00000104       0x18 src/ASF/sam0/drivers/extint/extint_sam_d_r_h/extint.o
 .text._system_extint_init
                0x0000011c       0x6c src/ASF/sam0/drivers/extint/extint_sam_d_r_h/extint.o
                0x0000011c                _system_extint_init
 .text.extint_chan_get_config_defaults
                0x00000188       0x14 src/ASF/sam0/drivers/extint/extint_sam_d_r_h/extint.o
                0x00000188                extint_chan_get_config_defaults
 .text.extint_chan_set_config
                0x0000019c       0x78 src/ASF/sam0/drivers/extint/extint_sam_d_r_h/extint.o
                0x0000019c                extint_chan_set_config
 .text.RTC_Handler
                0x00000214       0x58 src/ASF/sam0/drivers/rtc/rtc_sam_d_r_h/rtc_count_interrupt.o
                0x00000214                RTC_Handler
 .text.long_division
                0x0000026c       0xba src/ASF/sam0/drivers/sercom/sercom.o
 .text._sercom_get_sync_baud_val
                0x00000326       0x28 src/ASF/sam0/drivers/sercom/sercom.o
                0x00000326                _sercom_get_sync_baud_val
 *fill*         0x0000034e        0x2 
 .text._sercom_get_async_baud_val
                0x00000350       0x94 src/ASF/sam0/drivers/sercom/sercom.o
                0x00000350                _sercom_get_async_baud_val
 .text.sercom_set_gclk_generator
                0x000003e4       0x4c src/ASF/sam0/drivers/sercom/sercom.o
                0x000003e4                sercom_set_gclk_generator
 .text._sercom_get_default_pad
                0x00000430      0x178 src/ASF/sam0/drivers/sercom/sercom.o
                0x00000430                _sercom_get_default_pad
 .text._sercom_get_sercom_inst_index
                0x000005a8       0x38 src/ASF/sam0/drivers/sercom/sercom.o
                0x000005a8                _sercom_get_sercom_inst_index
 .text._tc_interrupt_handler
                0x000005e0       0x64 src/ASF/sam0/drivers/tc/tc_interrupt.o
                0x000005e0                _tc_interrupt_handler
 .text.TC0_Handler
                0x00000644       0x10 src/ASF/sam0/drivers/tc/tc_interrupt.o
                0x00000644                TC0_Handler
 .text.TC1_Handler
                0x00000654       0x10 src/ASF/sam0/drivers/tc/tc_interrupt.o
                0x00000654                TC1_Handler
 .text.TC2_Handler
                0x00000664       0x10 src/ASF/sam0/drivers/tc/tc_interrupt.o
                0x00000664                TC2_Handler
 .text.TC3_Handler
                0x00000674       0x10 src/ASF/sam0/drivers/tc/tc_interrupt.o
                0x00000674                TC3_Handler
 .text.TC4_Handler
                0x00000684       0x10 src/ASF/sam0/drivers/tc/tc_interrupt.o
                0x00000684                TC4_Handler
 .text.TC5_Handler
                0x00000694       0x10 src/ASF/sam0/drivers/tc/tc_interrupt.o
                0x00000694                TC5_Handler
 .text.TC6_Handler
                0x000006a4       0x10 src/ASF/sam0/drivers/tc/tc_interrupt.o
                0x000006a4                TC6_Handler
 .text.TC7_Handler
                0x000006b4       0x10 src/ASF/sam0/drivers/tc/tc_interrupt.o
                0x000006b4                TC7_Handler
 .text.WDT_Handler
                0x000006c4       0x1c src/ASF/sam0/drivers/wdt/wdt_callback.o
                0x000006c4                WDT_Handler
 .text.LedInit  0x000006e0       0x2c src/Comm_func.o
                0x000006e0                LedInit
 .text.Motor_coast
                0x0000070c       0x20 src/Comm_func.o
                0x0000070c                Motor_coast
 .text.MotorInit
                0x0000072c       0x54 src/Comm_func.o
                0x0000072c                MotorInit
 .text.Motor_rotate
                0x00000780       0x20 src/Comm_func.o
                0x00000780                Motor_rotate
 .text.wifi_power
                0x000007a0       0x1c src/WIFI_E103W01.o
                0x000007a0                wifi_power
 .text.wifi_sleepout
                0x000007bc       0x1c src/WIFI_E103W01.o
                0x000007bc                wifi_sleepout
 .text.wifi_reset
                0x000007d8       0x1c src/WIFI_E103W01.o
                0x000007d8                wifi_reset
 .text.WiFi_StartWorking
                0x000007f4       0x2c src/WIFI_E103W01.o
                0x000007f4                WiFi_StartWorking
 .text.configure_wifi_usart
                0x00000820      0x134 src/WIFI_E103W01.o
                0x00000820                configure_wifi_usart
 .text.usart_init
                0x00000954      0x254 src/ASF/sam0/drivers/sercom/usart/usart.o
                0x00000954                usart_init
 .text.usart_write_wait
                0x00000ba8       0x2e src/ASF/sam0/drivers/sercom/usart/usart.o
                0x00000ba8                usart_write_wait
 *fill*         0x00000bd6        0x2 
 .text.usart_write_buffer_wait
                0x00000bd8       0xc4 src/ASF/sam0/drivers/sercom/usart/usart.o
                0x00000bd8                usart_write_buffer_wait
 .text._usart_write_buffer
                0x00000c9c       0x3c src/ASF/sam0/drivers/sercom/usart/usart_interrupt.o
                0x00000c9c                _usart_write_buffer
 .text._usart_read_buffer
                0x00000cd8       0x3c src/ASF/sam0/drivers/sercom/usart/usart_interrupt.o
                0x00000cd8                _usart_read_buffer
 .text.usart_register_callback
                0x00000d14       0x16 src/ASF/sam0/drivers/sercom/usart/usart_interrupt.o
                0x00000d14                usart_register_callback
 *fill*         0x00000d2a        0x2 
 .text.usart_write_buffer_job
                0x00000d2c       0x20 src/ASF/sam0/drivers/sercom/usart/usart_interrupt.o
                0x00000d2c                usart_write_buffer_job
 .text.usart_read_buffer_job
                0x00000d4c       0x20 src/ASF/sam0/drivers/sercom/usart/usart_interrupt.o
                0x00000d4c                usart_read_buffer_job
 .text._usart_interrupt_handler
                0x00000d6c      0x124 src/ASF/sam0/drivers/sercom/usart/usart_interrupt.o
                0x00000d6c                _usart_interrupt_handler
 .text._sercom_default_handler
                0x00000e90        0x2 src/ASF/sam0/drivers/sercom/sercom_interrupt.o
 *fill*         0x00000e92        0x2 
 .text._sercom_set_handler
                0x00000e94       0x3c src/ASF/sam0/drivers/sercom/sercom_interrupt.o
                0x00000e94                _sercom_set_handler
 .text._sercom_get_interrupt_vector
                0x00000ed0       0x30 src/ASF/sam0/drivers/sercom/sercom_interrupt.o
                0x00000ed0                _sercom_get_interrupt_vector
 .text.SERCOM0_Handler
                0x00000f00       0x10 src/ASF/sam0/drivers/sercom/sercom_interrupt.o
                0x00000f00                SERCOM0_Handler
 .text.SERCOM1_Handler
                0x00000f10       0x10 src/ASF/sam0/drivers/sercom/sercom_interrupt.o
                0x00000f10                SERCOM1_Handler
 .text.SERCOM2_Handler
                0x00000f20       0x10 src/ASF/sam0/drivers/sercom/sercom_interrupt.o
                0x00000f20                SERCOM2_Handler
 .text.SERCOM3_Handler
                0x00000f30       0x10 src/ASF/sam0/drivers/sercom/sercom_interrupt.o
                0x00000f30                SERCOM3_Handler
 .text.SERCOM4_Handler
                0x00000f40       0x10 src/ASF/sam0/drivers/sercom/sercom_interrupt.o
                0x00000f40                SERCOM4_Handler
 .text.SERCOM5_Handler
                0x00000f50       0x10 src/ASF/sam0/drivers/sercom/sercom_interrupt.o
                0x00000f50                SERCOM5_Handler
 .text.extint_register_callback
                0x00000f60       0x2c src/ASF/sam0/drivers/extint/extint_callback.o
                0x00000f60                extint_register_callback
 .text.extint_chan_enable_callback
                0x00000f8c       0x20 src/ASF/sam0/drivers/extint/extint_callback.o
                0x00000f8c                extint_chan_enable_callback
 .text.EIC_Handler
                0x00000fac       0x54 src/ASF/sam0/drivers/extint/extint_callback.o
                0x00000fac                EIC_Handler
 .text.delay_init
                0x00001000       0x40 src/ASF/common2/services/delay/sam0/systick_counter.o
                0x00001000                delay_init
 .text.delay_cycles_ms
                0x00001040       0x2c src/ASF/common2/services/delay/sam0/systick_counter.o
                0x00001040                delay_cycles_ms
 .text.port_pin_set_config
                0x0000106c       0x24 src/ASF/sam0/drivers/port/port.o
                0x0000106c                port_pin_set_config
 .text.system_board_init
                0x00001090        0x2 src/ASF/common2/boards/user_board/init.o
                0x00001090                board_init
                0x00001090                system_board_init
 *fill*         0x00001092        0x2 
 .text.cpu_irq_enter_critical
                0x00001094       0x40 src/ASF/common/utils/interrupt/interrupt_sam_nvic.o
                0x00001094                cpu_irq_enter_critical
 .text.cpu_irq_leave_critical
                0x000010d4       0x30 src/ASF/common/utils/interrupt/interrupt_sam_nvic.o
                0x000010d4                cpu_irq_leave_critical
 .text.system_clock_source_get_hz
                0x00001104       0x7c src/ASF/sam0/drivers/system/clock/clock_samd20/clock.o
                0x00001104                system_clock_source_get_hz
 .text.system_clock_source_osc8m_set_config
                0x00001180       0x3c src/ASF/sam0/drivers/system/clock/clock_samd20/clock.o
                0x00001180                system_clock_source_osc8m_set_config
 .text.system_clock_source_enable
                0x000011bc       0x90 src/ASF/sam0/drivers/system/clock/clock_samd20/clock.o
                0x000011bc                system_clock_source_enable
 .text.system_clock_init
                0x0000124c       0xb0 src/ASF/sam0/drivers/system/clock/clock_samd20/clock.o
                0x0000124c                system_clock_init
 .text.system_gclk_init
                0x000012fc       0x24 src/ASF/sam0/drivers/system/clock/clock_samd20/gclk.o
                0x000012fc                system_gclk_init
 .text.system_gclk_gen_set_config
                0x00001320       0xb8 src/ASF/sam0/drivers/system/clock/clock_samd20/gclk.o
                0x00001320                system_gclk_gen_set_config
 .text.system_gclk_gen_enable
                0x000013d8       0x44 src/ASF/sam0/drivers/system/clock/clock_samd20/gclk.o
                0x000013d8                system_gclk_gen_enable
 .text.system_gclk_gen_get_hz
                0x0000141c       0x8c src/ASF/sam0/drivers/system/clock/clock_samd20/gclk.o
                0x0000141c                system_gclk_gen_get_hz
 .text.system_gclk_chan_enable
                0x000014a8       0x30 src/ASF/sam0/drivers/system/clock/clock_samd20/gclk.o
                0x000014a8                system_gclk_chan_enable
 .text.system_gclk_chan_disable
                0x000014d8       0x5c src/ASF/sam0/drivers/system/clock/clock_samd20/gclk.o
                0x000014d8                system_gclk_chan_disable
 .text.system_gclk_chan_set_config
                0x00001534       0x1c src/ASF/sam0/drivers/system/clock/clock_samd20/gclk.o
                0x00001534                system_gclk_chan_set_config
 .text.system_gclk_chan_get_hz
                0x00001550       0x34 src/ASF/sam0/drivers/system/clock/clock_samd20/gclk.o
                0x00001550                system_gclk_chan_get_hz
 .text._system_pinmux_config
                0x00001584       0xa8 src/ASF/sam0/drivers/system/pinmux/pinmux.o
 .text.system_pinmux_pin_set_config
                0x0000162c       0x30 src/ASF/sam0/drivers/system/pinmux/pinmux.o
                0x0000162c                system_pinmux_pin_set_config
 .text._system_dummy_init
                0x0000165c        0x2 src/ASF/sam0/drivers/system/system.o
                0x0000165c                _system_events_init
                0x0000165c                _system_dummy_init
                0x0000165c                _system_divas_init
 *fill*         0x0000165e        0x2 
 .text.system_init
                0x00001660       0x2c src/ASF/sam0/drivers/system/system.o
                0x00001660                system_init
 .text.Dummy_Handler
                0x0000168c        0x2 src/ASF/sam0/utils/cmsis/samd20/source/gcc/startup_samd20.o
                0x0000168c                HardFault_Handler
                0x0000168c                AC_Handler
                0x0000168c                SysTick_Handler
                0x0000168c                PendSV_Handler
                0x0000168c                NMI_Handler
                0x0000168c                ADC_Handler
                0x0000168c                Dummy_Handler
                0x0000168c                PM_Handler
                0x0000168c                SVC_Handler
                0x0000168c                EVSYS_Handler
                0x0000168c                NVMCTRL_Handler
                0x0000168c                DAC_Handler
                0x0000168c                PTC_Handler
                0x0000168c                SYSCTRL_Handler
 *fill*         0x0000168e        0x2 
 .text.Reset_Handler
                0x00001690       0x98 src/ASF/sam0/utils/cmsis/samd20/source/gcc/startup_samd20.o
                0x00001690                Reset_Handler
 .text.usart_write_callback
                0x00001728        0x2 src/BLE_E104BT02.o
 *fill*         0x0000172a        0x2 
 .text.usart_read_callback
                0x0000172c       0x74 src/BLE_E104BT02.o
 .text.configureBLE_usart
                0x000017a0      0x134 src/BLE_E104BT02.o
                0x000017a0                configureBLE_usart
 .text.FP_protocol_checksum
                0x000018d4       0x20 src/FP_FPM023.o
 .text.usart_write_callback
                0x000018f4       0x94 src/FP_FPM023.o
 .text.FPaction
                0x00001988      0x224 src/FP_FPM023.o
                0x00001988                FPaction
 .text.usart_read_callback
                0x00001bac      0x21c src/FP_FPM023.o
 .text.extint_detection_callback
                0x00001dc8       0x3c src/FP_FPM023.o
 .text.configure_FP
                0x00001e04      0x12c src/FP_FPM023.o
                0x00001e04                configure_FP
 .text.main     0x00001f30       0x50 src/main.o
                0x00001f30                main
 .text          0x00001f80      0x114 d:/atmel/7.0/toolchain/arm/arm-gnu-toolchain/bin/../lib/gcc/arm-none-eabi/6.3.1/thumb/v6-m\libgcc.a(_udivsi3.o)
                0x00001f80                __aeabi_uidiv
                0x00001f80                __udivsi3
                0x0000208c                __aeabi_uidivmod
 .text          0x00002094        0x4 d:/atmel/7.0/toolchain/arm/arm-gnu-toolchain/bin/../lib/gcc/arm-none-eabi/6.3.1/thumb/v6-m\libgcc.a(_dvmd_tls.o)
                0x00002094                __aeabi_idiv0
                0x00002094                __aeabi_ldiv0
 .text          0x00002098       0x54 d:/atmel/7.0/toolchain/arm/arm-gnu-toolchain/bin/../lib/gcc/arm-none-eabi/6.3.1/thumb/v6-m\libgcc.a(_muldi3.o)
                0x00002098                __muldi3
                0x00002098                __aeabi_lmul
 .text.__libc_init_array
                0x000020ec       0x48 d:/atmel/7.0/toolchain/arm/arm-gnu-toolchain/bin/../lib/gcc/arm-none-eabi/6.3.1/../../../../arm-none-eabi/lib/thumb/v6-m\libc_nano.a(lib_a-init.o)
                0x000020ec                __libc_init_array
 .text.memcpy   0x00002134       0x12 d:/atmel/7.0/toolchain/arm/arm-gnu-toolchain/bin/../lib/gcc/arm-none-eabi/6.3.1/../../../../arm-none-eabi/lib/thumb/v6-m\libc_nano.a(lib_a-memcpy-stub.o)
                0x00002134                memcpy
 *(.glue_7t)
 .glue_7t       0x00002146        0x0 linker stubs
 *(.glue_7)
 .glue_7        0x00002146        0x0 linker stubs
 *(.rodata .rodata* .gnu.linkonce.r.*)
 *fill*         0x00002146        0x2 
 .rodata        0x00002148       0x18 src/ASF/sam0/drivers/sercom/sercom.o
 .rodata.configure_wifi_usart.str1.4
                0x00002160       0x58 src/WIFI_E103W01.o
                                 0x55 (size before relaxing)
 .rodata.system_clock_source_get_hz
                0x000021b8       0x20 src/ASF/sam0/drivers/system/clock/clock_samd20/clock.o
 .rodata.system_clock_source_enable
                0x000021d8       0x20 src/ASF/sam0/drivers/system/clock/clock_samd20/clock.o
 .rodata.usart_write_callback
                0x000021f8       0x34 src/FP_FPM023.o
 .rodata.FPaction
                0x0000222c       0x34 src/FP_FPM023.o
 .rodata.usart_read_callback
                0x00002260       0x34 src/FP_FPM023.o
 *(.ARM.extab* .gnu.linkonce.armextab.*)
                0x00002294                . = ALIGN (0x4)
 *(.init)
 .init          0x00002294        0x4 d:/atmel/7.0/toolchain/arm/arm-gnu-toolchain/bin/../lib/gcc/arm-none-eabi/6.3.1/thumb/v6-m/crti.o
                0x00002294                _init
 .init          0x00002298        0x8 d:/atmel/7.0/toolchain/arm/arm-gnu-toolchain/bin/../lib/gcc/arm-none-eabi/6.3.1/thumb/v6-m/crtn.o
                0x000022a0                . = ALIGN (0x4)
                0x000022a0                __preinit_array_start = .
 *(.preinit_array)
                0x000022a0                __preinit_array_end = .
                0x000022a0                . = ALIGN (0x4)
                0x000022a0                __init_array_start = .
 *(SORT(.init_array.*))
 *(.init_array)
 .init_array    0x000022a0        0x4 d:/atmel/7.0/toolchain/arm/arm-gnu-toolchain/bin/../lib/gcc/arm-none-eabi/6.3.1/thumb/v6-m/crtbegin.o
                0x000022a4                __init_array_end = .
                0x000022a4                . = ALIGN (0x4)
 *crtbegin.o(.ctors)
 *(EXCLUDE_FILE(*crtend.o) .ctors)
 *(SORT(.ctors.*))
 *crtend.o(.ctors)
                0x000022a4                . = ALIGN (0x4)
 *(.fini)
 .fini          0x000022a4        0x4 d:/atmel/7.0/toolchain/arm/arm-gnu-toolchain/bin/../lib/gcc/arm-none-eabi/6.3.1/thumb/v6-m/crti.o
                0x000022a4                _fini
 .fini          0x000022a8        0x8 d:/atmel/7.0/toolchain/arm/arm-gnu-toolchain/bin/../lib/gcc/arm-none-eabi/6.3.1/thumb/v6-m/crtn.o
                0x000022b0                . = ALIGN (0x4)
                0x000022b0                __fini_array_start = .
 *(.fini_array)
 .fini_array    0x000022b0        0x4 d:/atmel/7.0/toolchain/arm/arm-gnu-toolchain/bin/../lib/gcc/arm-none-eabi/6.3.1/thumb/v6-m/crtbegin.o
 *(SORT(.fini_array.*))
                0x000022b4                __fini_array_end = .
 *crtbegin.o(.dtors)
 *(EXCLUDE_FILE(*crtend.o) .dtors)
 *(SORT(.dtors.*))
 *crtend.o(.dtors)
                0x000022b4                . = ALIGN (0x4)
                0x000022b4                _efixed = .
                [!provide]                PROVIDE (__exidx_start, .)

.vfp11_veneer   0x000022b4        0x0
 .vfp11_veneer  0x000022b4        0x0 linker stubs

.v4_bx          0x000022b4        0x0
 .v4_bx         0x000022b4        0x0 linker stubs

.iplt           0x000022b4        0x0
 .iplt          0x000022b4        0x0 d:/atmel/7.0/toolchain/arm/arm-gnu-toolchain/bin/../lib/gcc/arm-none-eabi/6.3.1/thumb/v6-m/crtbegin.o

.eh_frame       0x000022b4        0x0
 .eh_frame      0x000022b4        0x0 d:/atmel/7.0/toolchain/arm/arm-gnu-toolchain/bin/../lib/gcc/arm-none-eabi/6.3.1/thumb/v6-m/crtbegin.o

.rel.dyn        0x000022b4        0x0
 .rel.iplt      0x000022b4        0x0 d:/atmel/7.0/toolchain/arm/arm-gnu-toolchain/bin/../lib/gcc/arm-none-eabi/6.3.1/thumb/v6-m/crtbegin.o

.jcr            0x000022b4        0x0
 .jcr           0x000022b4        0x0 d:/atmel/7.0/toolchain/arm/arm-gnu-toolchain/bin/../lib/gcc/arm-none-eabi/6.3.1/thumb/v6-m/crtbegin.o

.igot.plt       0x000022b4        0x0
 .igot.plt      0x000022b4        0x0 d:/atmel/7.0/toolchain/arm/arm-gnu-toolchain/bin/../lib/gcc/arm-none-eabi/6.3.1/thumb/v6-m/crtbegin.o

.ARM.exidx
 *(.ARM.exidx* .gnu.linkonce.armexidx.*)
                [!provide]                PROVIDE (__exidx_end, .)
                0x000022b4                . = ALIGN (0x4)
                0x000022b4                _etext = .

.relocate       0x20000000       0x4c load address 0x000022b4
                0x20000000                . = ALIGN (0x4)
                0x20000000                _srelocate = .
 *(.ramfunc .ramfunc.*)
 *(.data .data.*)
 .data.cycles_per_ms
                0x20000000        0x4 src/ASF/common2/services/delay/sam0/systick_counter.o
 .data.cycles_per_us
                0x20000004        0x4 src/ASF/common2/services/delay/sam0/systick_counter.o
 .data.g_interrupt_enabled
                0x20000008        0x1 src/ASF/common/utils/interrupt/interrupt_sam_nvic.o
                0x20000008                g_interrupt_enabled
 *fill*         0x20000009        0x3 
 .data.ble_transmitbuff
                0x2000000c       0x15 src/BLE_E104BT02.o
                0x2000000c                ble_transmitbuff
 .data.FPaction_Register_REG_IDX
                0x20000021        0x1 src/FP_FPM023.o
 *fill*         0x20000022        0x2 
 .data.finger_transmitbuff
                0x20000024       0x28 src/FP_FPM023.o
                0x20000024                finger_transmitbuff
                0x2000004c                . = ALIGN (0x4)
                0x2000004c                _erelocate = .

.bss            0x2000004c      0x1ac load address 0x00002300
                0x2000004c                . = ALIGN (0x4)
                0x2000004c                _sbss = .
                0x2000004c                _szero = .
 *(.bss .bss.*)
 .bss           0x2000004c       0x1c d:/atmel/7.0/toolchain/arm/arm-gnu-toolchain/bin/../lib/gcc/arm-none-eabi/6.3.1/thumb/v6-m/crtbegin.o
 .bss._sercom_config
                0x20000068        0x2 src/ASF/sam0/drivers/sercom/sercom.o
 .bss.Motor_status
                0x2000006a        0x1 src/Comm_func.o
                0x2000006a                Motor_status
 .bss._handler_table_initialized
                0x2000006b        0x1 src/ASF/sam0/drivers/sercom/sercom_interrupt.o
 .bss._sercom_interrupt_handlers
                0x2000006c       0x18 src/ASF/sam0/drivers/sercom/sercom_interrupt.o
 .bss.cpu_irq_critical_section_counter
                0x20000084        0x4 src/ASF/common/utils/interrupt/interrupt_sam_nvic.o
 .bss.cpu_irq_prev_interrupt_state
                0x20000088        0x1 src/ASF/common/utils/interrupt/interrupt_sam_nvic.o
 *fill*         0x20000089        0x3 
 .bss._system_clock_inst
                0x2000008c       0x14 src/ASF/sam0/drivers/system/clock/clock_samd20/clock.o
 .bss.FP_ID     0x200000a0        0x2 src/FP_FPM023.o
                0x200000a0                FP_ID
 .bss.FPaction_Flag
                0x200000a2        0x1 src/FP_FPM023.o
                0x200000a2                FPaction_Flag
 .bss.FPaction_Register_FLAG
                0x200000a3        0x1 src/FP_FPM023.o
                0x200000a3                FPaction_Register_FLAG
 *(COMMON)
 COMMON         0x200000a4       0x40 src/ASF/sam0/drivers/extint/extint_sam_d_r_h/extint.o
                0x200000a4                _extint_dev
 COMMON         0x200000e4        0x4 src/ASF/sam0/drivers/rtc/rtc_sam_d_r_h/rtc_count.o
                0x200000e4                _rtc_instance
 COMMON         0x200000e8       0x20 src/ASF/sam0/drivers/tc/tc_interrupt.o
                0x200000e8                _tc_instances
 COMMON         0x20000108        0x4 src/ASF/sam0/drivers/wdt/wdt_callback.o
                0x20000108                wdt_early_warning_callback
 COMMON         0x2000010c       0xd0 src/Comm_func.o
                0x2000010c                wifi_rx_buffer
                0x20000120                finger_rx_buffer
                0x2000013c                usart_wifi_instance
                0x20000160                usart_finger_instance
                0x20000184                usart_ble_instance
                0x200001a8                ble_rx_buffer
                0x200001c0                tc_instance
 COMMON         0x200001dc       0x18 src/ASF/sam0/drivers/sercom/sercom_interrupt.o
                0x200001dc                _sercom_instances
 COMMON         0x200001f4        0x1 src/ASF/sam0/drivers/extint/extint_callback.o
                0x200001f4                _current_channel
                0x200001f8                . = ALIGN (0x4)
 *fill*         0x200001f5        0x3 
                0x200001f8                _ebss = .
                0x200001f8                _ezero = .

.stack          0x200001f8     0x2000 load address 0x000024ac
                0x200001f8                . = ALIGN (0x8)
                0x200001f8                _sstack = .
                0x200021f8                . = (. + STACK_SIZE)
 *fill*         0x200001f8     0x2000 
                0x200021f8                . = ALIGN (0x8)
                0x200021f8                _estack = .
                0x200021f8                . = ALIGN (0x4)
                0x200021f8                _end = .
OUTPUT(HAUT_CTLOCK.elf elf32-littlearm)

.ARM.attributes
                0x00000000       0x28
 .ARM.attributes
                0x00000000       0x1e d:/atmel/7.0/toolchain/arm/arm-gnu-toolchain/bin/../lib/gcc/arm-none-eabi/6.3.1/thumb/v6-m/crti.o
 .ARM.attributes
                0x0000001e       0x2c d:/atmel/7.0/toolchain/arm/arm-gnu-toolchain/bin/../lib/gcc/arm-none-eabi/6.3.1/thumb/v6-m/crtbegin.o
 .ARM.attributes
                0x0000004a       0x32 src/ASF/sam0/drivers/extint/extint_sam_d_r_h/extint.o
 .ARM.attributes
                0x0000007c       0x32 src/ASF/sam0/drivers/rtc/rtc_sam_d_r_h/rtc_count.o
 .ARM.attributes
                0x000000ae       0x32 src/ASF/sam0/drivers/rtc/rtc_sam_d_r_h/rtc_count_interrupt.o
 .ARM.attributes
                0x000000e0       0x32 src/ASF/sam0/drivers/sercom/sercom.o
 .ARM.attributes
                0x00000112       0x32 src/ASF/sam0/drivers/tc/tc_interrupt.o
 .ARM.attributes
                0x00000144       0x32 src/ASF/sam0/drivers/wdt/wdt_callback.o
 .ARM.attributes
                0x00000176       0x32 src/Comm_func.o
 .ARM.attributes
                0x000001a8       0x32 src/WIFI_E103W01.o
 .ARM.attributes
                0x000001da       0x32 src/ASF/sam0/drivers/sercom/usart/usart.o
 .ARM.attributes
                0x0000020c       0x32 src/ASF/sam0/drivers/sercom/usart/usart_interrupt.o
 .ARM.attributes
                0x0000023e       0x32 src/ASF/sam0/drivers/sercom/sercom_interrupt.o
 .ARM.attributes
                0x00000270       0x32 src/ASF/sam0/drivers/extint/extint_callback.o
 .ARM.attributes
                0x000002a2       0x32 src/ASF/common2/services/delay/sam0/systick_counter.o
 .ARM.attributes
                0x000002d4       0x32 src/ASF/sam0/drivers/port/port.o
 .ARM.attributes
                0x00000306       0x32 src/ASF/common2/boards/user_board/init.o
 .ARM.attributes
                0x00000338       0x32 src/ASF/common/utils/interrupt/interrupt_sam_nvic.o
 .ARM.attributes
                0x0000036a       0x32 src/ASF/sam0/drivers/system/clock/clock_samd20/clock.o
 .ARM.attributes
                0x0000039c       0x32 src/ASF/sam0/drivers/system/clock/clock_samd20/gclk.o
 .ARM.attributes
                0x000003ce       0x32 src/ASF/sam0/drivers/system/pinmux/pinmux.o
 .ARM.attributes
                0x00000400       0x32 src/ASF/sam0/drivers/system/system.o
 .ARM.attributes
                0x00000432       0x32 src/ASF/sam0/utils/cmsis/samd20/source/gcc/startup_samd20.o
 .ARM.attributes
                0x00000464       0x32 src/BLE_E104BT02.o
 .ARM.attributes
                0x00000496       0x32 src/FP_FPM023.o
 .ARM.attributes
                0x000004c8       0x32 src/main.o
 .ARM.attributes
                0x000004fa       0x1e d:/atmel/7.0/toolchain/arm/arm-gnu-toolchain/bin/../lib/gcc/arm-none-eabi/6.3.1/thumb/v6-m\libgcc.a(_udivsi3.o)
 .ARM.attributes
                0x00000518       0x1e d:/atmel/7.0/toolchain/arm/arm-gnu-toolchain/bin/../lib/gcc/arm-none-eabi/6.3.1/thumb/v6-m\libgcc.a(_dvmd_tls.o)
 .ARM.attributes
                0x00000536       0x2c d:/atmel/7.0/toolchain/arm/arm-gnu-toolchain/bin/../lib/gcc/arm-none-eabi/6.3.1/thumb/v6-m\libgcc.a(_muldi3.o)
 .ARM.attributes
                0x00000562       0x2c d:/atmel/7.0/toolchain/arm/arm-gnu-toolchain/bin/../lib/gcc/arm-none-eabi/6.3.1/../../../../arm-none-eabi/lib/thumb/v6-m\libc_nano.a(lib_a-init.o)
 .ARM.attributes
                0x0000058e       0x2c d:/atmel/7.0/toolchain/arm/arm-gnu-toolchain/bin/../lib/gcc/arm-none-eabi/6.3.1/../../../../arm-none-eabi/lib/thumb/v6-m\libc_nano.a(lib_a-memcpy-stub.o)
 .ARM.attributes
                0x000005ba       0x1e d:/atmel/7.0/toolchain/arm/arm-gnu-toolchain/bin/../lib/gcc/arm-none-eabi/6.3.1/thumb/v6-m/crtn.o

.comment        0x00000000       0x59
 .comment       0x00000000       0x59 src/ASF/sam0/drivers/extint/extint_sam_d_r_h/extint.o
                                 0x5a (size before relaxing)
 .comment       0x00000059       0x5a src/ASF/sam0/drivers/rtc/rtc_sam_d_r_h/rtc_count.o
 .comment       0x00000059       0x5a src/ASF/sam0/drivers/rtc/rtc_sam_d_r_h/rtc_count_interrupt.o
 .comment       0x00000059       0x5a src/ASF/sam0/drivers/sercom/sercom.o
 .comment       0x00000059       0x5a src/ASF/sam0/drivers/tc/tc_interrupt.o
 .comment       0x00000059       0x5a src/ASF/sam0/drivers/wdt/wdt_callback.o
 .comment       0x00000059       0x5a src/Comm_func.o
 .comment       0x00000059       0x5a src/WIFI_E103W01.o
 .comment       0x00000059       0x5a src/ASF/sam0/drivers/sercom/usart/usart.o
 .comment       0x00000059       0x5a src/ASF/sam0/drivers/sercom/usart/usart_interrupt.o
 .comment       0x00000059       0x5a src/ASF/sam0/drivers/sercom/sercom_interrupt.o
 .comment       0x00000059       0x5a src/ASF/sam0/drivers/extint/extint_callback.o
 .comment       0x00000059       0x5a src/ASF/common2/services/delay/sam0/systick_counter.o
 .comment       0x00000059       0x5a src/ASF/sam0/drivers/port/port.o
 .comment       0x00000059       0x5a src/ASF/common2/boards/user_board/init.o
 .comment       0x00000059       0x5a src/ASF/common/utils/interrupt/interrupt_sam_nvic.o
 .comment       0x00000059       0x5a src/ASF/sam0/drivers/system/clock/clock_samd20/clock.o
 .comment       0x00000059       0x5a src/ASF/sam0/drivers/system/clock/clock_samd20/gclk.o
 .comment       0x00000059       0x5a src/ASF/sam0/drivers/system/pinmux/pinmux.o
 .comment       0x00000059       0x5a src/ASF/sam0/drivers/system/system.o
 .comment       0x00000059       0x5a src/ASF/sam0/utils/cmsis/samd20/source/gcc/startup_samd20.o
 .comment       0x00000059       0x5a src/BLE_E104BT02.o
 .comment       0x00000059       0x5a src/FP_FPM023.o
 .comment       0x00000059       0x5a src/main.o

.debug_info     0x00000000    0x3a8cc
 .debug_info    0x00000000     0x2a14 src/ASF/sam0/drivers/extint/extint_sam_d_r_h/extint.o
 .debug_info    0x00002a14     0x3361 src/ASF/sam0/drivers/rtc/rtc_sam_d_r_h/rtc_count.o
 .debug_info    0x00005d75     0x2185 src/ASF/sam0/drivers/rtc/rtc_sam_d_r_h/rtc_count_interrupt.o
 .debug_info    0x00007efa     0x2668 src/ASF/sam0/drivers/sercom/sercom.o
 .debug_info    0x0000a562     0x1c1b src/ASF/sam0/drivers/tc/tc_interrupt.o
 .debug_info    0x0000c17d     0x1284 src/ASF/sam0/drivers/wdt/wdt_callback.o
 .debug_info    0x0000d401     0x3fad src/Comm_func.o
 .debug_info    0x000113ae     0x45b4 src/WIFI_E103W01.o
 .debug_info    0x00015962     0x42b7 src/ASF/sam0/drivers/sercom/usart/usart.o
 .debug_info    0x00019c19     0x2887 src/ASF/sam0/drivers/sercom/usart/usart_interrupt.o
 .debug_info    0x0001c4a0     0x245c src/ASF/sam0/drivers/sercom/sercom_interrupt.o
 .debug_info    0x0001e8fc     0x199d src/ASF/sam0/drivers/extint/extint_callback.o
 .debug_info    0x00020299      0xb8d src/ASF/common2/services/delay/sam0/systick_counter.o
 .debug_info    0x00020e26     0x12b8 src/ASF/sam0/drivers/port/port.o
 .debug_info    0x000220de     0x32e2 src/ASF/common2/boards/user_board/init.o
 .debug_info    0x000253c0      0xb07 src/ASF/common/utils/interrupt/interrupt_sam_nvic.o
 .debug_info    0x00025ec7     0x3d3d src/ASF/sam0/drivers/system/clock/clock_samd20/clock.o
 .debug_info    0x00029c04     0x1de8 src/ASF/sam0/drivers/system/clock/clock_samd20/gclk.o
 .debug_info    0x0002b9ec     0x1376 src/ASF/sam0/drivers/system/pinmux/pinmux.o
 .debug_info    0x0002cd62      0xa73 src/ASF/sam0/drivers/system/system.o
 .debug_info    0x0002d7d5      0x9c9 src/ASF/sam0/utils/cmsis/samd20/source/gcc/startup_samd20.o
 .debug_info    0x0002e19e     0x471b src/BLE_E104BT02.o
 .debug_info    0x000328b9     0x4c54 src/FP_FPM023.o
 .debug_info    0x0003750d     0x33bf src/main.o

.debug_abbrev   0x00000000     0x50e3
 .debug_abbrev  0x00000000      0x4a7 src/ASF/sam0/drivers/extint/extint_sam_d_r_h/extint.o
 .debug_abbrev  0x000004a7      0x454 src/ASF/sam0/drivers/rtc/rtc_sam_d_r_h/rtc_count.o
 .debug_abbrev  0x000008fb      0x325 src/ASF/sam0/drivers/rtc/rtc_sam_d_r_h/rtc_count_interrupt.o
 .debug_abbrev  0x00000c20      0x378 src/ASF/sam0/drivers/sercom/sercom.o
 .debug_abbrev  0x00000f98      0x2ff src/ASF/sam0/drivers/tc/tc_interrupt.o
 .debug_abbrev  0x00001297      0x309 src/ASF/sam0/drivers/wdt/wdt_callback.o
 .debug_abbrev  0x000015a0      0x388 src/Comm_func.o
 .debug_abbrev  0x00001928      0x42b src/WIFI_E103W01.o
 .debug_abbrev  0x00001d53      0x480 src/ASF/sam0/drivers/sercom/usart/usart.o
 .debug_abbrev  0x000021d3      0x416 src/ASF/sam0/drivers/sercom/usart/usart_interrupt.o
 .debug_abbrev  0x000025e9      0x2d8 src/ASF/sam0/drivers/sercom/sercom_interrupt.o
 .debug_abbrev  0x000028c1      0x333 src/ASF/sam0/drivers/extint/extint_callback.o
 .debug_abbrev  0x00002bf4      0x24b src/ASF/common2/services/delay/sam0/systick_counter.o
 .debug_abbrev  0x00002e3f      0x298 src/ASF/sam0/drivers/port/port.o
 .debug_abbrev  0x000030d7      0x273 src/ASF/common2/boards/user_board/init.o
 .debug_abbrev  0x0000334a      0x22c src/ASF/common/utils/interrupt/interrupt_sam_nvic.o
 .debug_abbrev  0x00003576      0x4a1 src/ASF/sam0/drivers/system/clock/clock_samd20/clock.o
 .debug_abbrev  0x00003a17      0x3f1 src/ASF/sam0/drivers/system/clock/clock_samd20/gclk.o
 .debug_abbrev  0x00003e08      0x332 src/ASF/sam0/drivers/system/pinmux/pinmux.o
 .debug_abbrev  0x0000413a      0x1e1 src/ASF/sam0/drivers/system/system.o
 .debug_abbrev  0x0000431b      0x1e4 src/ASF/sam0/utils/cmsis/samd20/source/gcc/startup_samd20.o
 .debug_abbrev  0x000044ff      0x49f src/BLE_E104BT02.o
 .debug_abbrev  0x0000499e      0x486 src/FP_FPM023.o
 .debug_abbrev  0x00004e24      0x2bf src/main.o

.debug_loc      0x00000000     0x5b17
 .debug_loc     0x00000000      0x43d src/ASF/sam0/drivers/extint/extint_sam_d_r_h/extint.o
 .debug_loc     0x0000043d      0x86b src/ASF/sam0/drivers/rtc/rtc_sam_d_r_h/rtc_count.o
 .debug_loc     0x00000ca8      0x272 src/ASF/sam0/drivers/rtc/rtc_sam_d_r_h/rtc_count_interrupt.o
 .debug_loc     0x00000f1a      0x9d5 src/ASF/sam0/drivers/sercom/sercom.o
 .debug_loc     0x000018ef      0x228 src/ASF/sam0/drivers/tc/tc_interrupt.o
 .debug_loc     0x00001b17       0xf3 src/ASF/sam0/drivers/wdt/wdt_callback.o
 .debug_loc     0x00001c0a      0x383 src/Comm_func.o
 .debug_loc     0x00001f8d      0x262 src/WIFI_E103W01.o
 .debug_loc     0x000021ef      0xc56 src/ASF/sam0/drivers/sercom/usart/usart.o
 .debug_loc     0x00002e45      0x6b6 src/ASF/sam0/drivers/sercom/usart/usart_interrupt.o
 .debug_loc     0x000034fb      0x161 src/ASF/sam0/drivers/sercom/sercom_interrupt.o
 .debug_loc     0x0000365c      0x2ac src/ASF/sam0/drivers/extint/extint_callback.o
 .debug_loc     0x00003908       0xe4 src/ASF/common2/services/delay/sam0/systick_counter.o
 .debug_loc     0x000039ec      0x13d src/ASF/sam0/drivers/port/port.o
 .debug_loc     0x00003b29      0xe69 src/ASF/sam0/drivers/system/clock/clock_samd20/clock.o
 .debug_loc     0x00004992      0x504 src/ASF/sam0/drivers/system/clock/clock_samd20/gclk.o
 .debug_loc     0x00004e96      0x322 src/ASF/sam0/drivers/system/pinmux/pinmux.o
 .debug_loc     0x000051b8       0x20 src/ASF/sam0/drivers/system/system.o
 .debug_loc     0x000051d8       0x40 src/ASF/sam0/utils/cmsis/samd20/source/gcc/startup_samd20.o
 .debug_loc     0x00005218      0x320 src/BLE_E104BT02.o
 .debug_loc     0x00005538      0x5bf src/FP_FPM023.o
 .debug_loc     0x00005af7       0x20 src/main.o

.debug_aranges  0x00000000      0x700
 .debug_aranges
                0x00000000       0x50 src/ASF/sam0/drivers/extint/extint_sam_d_r_h/extint.o
 .debug_aranges
                0x00000050       0x88 src/ASF/sam0/drivers/rtc/rtc_sam_d_r_h/rtc_count.o
 .debug_aranges
                0x000000d8       0x40 src/ASF/sam0/drivers/rtc/rtc_sam_d_r_h/rtc_count_interrupt.o
 .debug_aranges
                0x00000118       0x48 src/ASF/sam0/drivers/sercom/sercom.o
 .debug_aranges
                0x00000160       0x70 src/ASF/sam0/drivers/tc/tc_interrupt.o
 .debug_aranges
                0x000001d0       0x40 src/ASF/sam0/drivers/wdt/wdt_callback.o
 .debug_aranges
                0x00000210       0x60 src/Comm_func.o
 .debug_aranges
                0x00000270       0x58 src/WIFI_E103W01.o
 .debug_aranges
                0x000002c8       0x40 src/ASF/sam0/drivers/sercom/usart/usart.o
 .debug_aranges
                0x00000308       0x70 src/ASF/sam0/drivers/sercom/usart/usart_interrupt.o
 .debug_aranges
                0x00000378       0x60 src/ASF/sam0/drivers/sercom/sercom_interrupt.o
 .debug_aranges
                0x000003d8       0x48 src/ASF/sam0/drivers/extint/extint_callback.o
 .debug_aranges
                0x00000420       0x30 src/ASF/common2/services/delay/sam0/systick_counter.o
 .debug_aranges
                0x00000450       0x28 src/ASF/sam0/drivers/port/port.o
 .debug_aranges
                0x00000478       0x20 src/ASF/common2/boards/user_board/init.o
 .debug_aranges
                0x00000498       0x28 src/ASF/common/utils/interrupt/interrupt_sam_nvic.o
 .debug_aranges
                0x000004c0       0x70 src/ASF/sam0/drivers/system/clock/clock_samd20/clock.o
 .debug_aranges
                0x00000530       0x80 src/ASF/sam0/drivers/system/clock/clock_samd20/gclk.o
 .debug_aranges
                0x000005b0       0x38 src/ASF/sam0/drivers/system/pinmux/pinmux.o
 .debug_aranges
                0x000005e8       0x28 src/ASF/sam0/drivers/system/system.o
 .debug_aranges
                0x00000610       0x28 src/ASF/sam0/utils/cmsis/samd20/source/gcc/startup_samd20.o
 .debug_aranges
                0x00000638       0x58 src/BLE_E104BT02.o
 .debug_aranges
                0x00000690       0x50 src/FP_FPM023.o
 .debug_aranges
                0x000006e0       0x20 src/main.o

.debug_ranges   0x00000000      0x740
 .debug_ranges  0x00000000       0x40 src/ASF/sam0/drivers/extint/extint_sam_d_r_h/extint.o
 .debug_ranges  0x00000040       0x90 src/ASF/sam0/drivers/rtc/rtc_sam_d_r_h/rtc_count.o
 .debug_ranges  0x000000d0       0x50 src/ASF/sam0/drivers/rtc/rtc_sam_d_r_h/rtc_count_interrupt.o
 .debug_ranges  0x00000120       0x50 src/ASF/sam0/drivers/sercom/sercom.o
 .debug_ranges  0x00000170       0x60 src/ASF/sam0/drivers/tc/tc_interrupt.o
 .debug_ranges  0x000001d0       0x30 src/ASF/sam0/drivers/wdt/wdt_callback.o
 .debug_ranges  0x00000200       0x50 src/Comm_func.o
 .debug_ranges  0x00000250       0x48 src/WIFI_E103W01.o
 .debug_ranges  0x00000298      0x100 src/ASF/sam0/drivers/sercom/usart/usart.o
 .debug_ranges  0x00000398       0x60 src/ASF/sam0/drivers/sercom/usart/usart_interrupt.o
 .debug_ranges  0x000003f8       0x50 src/ASF/sam0/drivers/sercom/sercom_interrupt.o
 .debug_ranges  0x00000448       0x90 src/ASF/sam0/drivers/extint/extint_callback.o
 .debug_ranges  0x000004d8       0x50 src/ASF/common2/services/delay/sam0/systick_counter.o
 .debug_ranges  0x00000528       0x18 src/ASF/sam0/drivers/port/port.o
 .debug_ranges  0x00000540       0x10 src/ASF/common2/boards/user_board/init.o
 .debug_ranges  0x00000550       0x18 src/ASF/common/utils/interrupt/interrupt_sam_nvic.o
 .debug_ranges  0x00000568       0x60 src/ASF/sam0/drivers/system/clock/clock_samd20/clock.o
 .debug_ranges  0x000005c8       0x88 src/ASF/sam0/drivers/system/clock/clock_samd20/gclk.o
 .debug_ranges  0x00000650       0x28 src/ASF/sam0/drivers/system/pinmux/pinmux.o
 .debug_ranges  0x00000678       0x18 src/ASF/sam0/drivers/system/system.o
 .debug_ranges  0x00000690       0x18 src/ASF/sam0/utils/cmsis/samd20/source/gcc/startup_samd20.o
 .debug_ranges  0x000006a8       0x48 src/BLE_E104BT02.o
 .debug_ranges  0x000006f0       0x40 src/FP_FPM023.o
 .debug_ranges  0x00000730       0x10 src/main.o

.debug_macro    0x00000000    0x15fda
 .debug_macro   0x00000000      0x524 src/ASF/sam0/drivers/extint/extint_sam_d_r_h/extint.o
 .debug_macro   0x00000524      0x8ce src/ASF/sam0/drivers/extint/extint_sam_d_r_h/extint.o
 .debug_macro   0x00000df2      0x16d src/ASF/sam0/drivers/extint/extint_sam_d_r_h/extint.o
 .debug_macro   0x00000f5f      0x64b src/ASF/sam0/drivers/extint/extint_sam_d_r_h/extint.o
 .debug_macro   0x000015aa       0x22 src/ASF/sam0/drivers/extint/extint_sam_d_r_h/extint.o
 .debug_macro   0x000015cc       0x87 src/ASF/sam0/drivers/extint/extint_sam_d_r_h/extint.o
 .debug_macro   0x00001653       0x51 src/ASF/sam0/drivers/extint/extint_sam_d_r_h/extint.o
 .debug_macro   0x000016a4       0xef src/ASF/sam0/drivers/extint/extint_sam_d_r_h/extint.o
 .debug_macro   0x00001793       0x6a src/ASF/sam0/drivers/extint/extint_sam_d_r_h/extint.o
 .debug_macro   0x000017fd      0x1df src/ASF/sam0/drivers/extint/extint_sam_d_r_h/extint.o
 .debug_macro   0x000019dc       0x10 src/ASF/sam0/drivers/extint/extint_sam_d_r_h/extint.o
 .debug_macro   0x000019ec       0x76 src/ASF/sam0/drivers/extint/extint_sam_d_r_h/extint.o
 .debug_macro   0x00001a62       0x16 src/ASF/sam0/drivers/extint/extint_sam_d_r_h/extint.o
 .debug_macro   0x00001a78      0x6e5 src/ASF/sam0/drivers/extint/extint_sam_d_r_h/extint.o
 .debug_macro   0x0000215d      0xde2 src/ASF/sam0/drivers/extint/extint_sam_d_r_h/extint.o
 .debug_macro   0x00002f3f       0x22 src/ASF/sam0/drivers/extint/extint_sam_d_r_h/extint.o
 .debug_macro   0x00002f61       0x40 src/ASF/sam0/drivers/extint/extint_sam_d_r_h/extint.o
 .debug_macro   0x00002fa1       0x3a src/ASF/sam0/drivers/extint/extint_sam_d_r_h/extint.o
 .debug_macro   0x00002fdb       0x1f src/ASF/sam0/drivers/extint/extint_sam_d_r_h/extint.o
 .debug_macro   0x00002ffa      0x250 src/ASF/sam0/drivers/extint/extint_sam_d_r_h/extint.o
 .debug_macro   0x0000324a      0x682 src/ASF/sam0/drivers/extint/extint_sam_d_r_h/extint.o
 .debug_macro   0x000038cc      0x8c1 src/ASF/sam0/drivers/extint/extint_sam_d_r_h/extint.o
 .debug_macro   0x0000418d      0x229 src/ASF/sam0/drivers/extint/extint_sam_d_r_h/extint.o
 .debug_macro   0x000043b6      0x5bf src/ASF/sam0/drivers/extint/extint_sam_d_r_h/extint.o
 .debug_macro   0x00004975      0x9fb src/ASF/sam0/drivers/extint/extint_sam_d_r_h/extint.o
 .debug_macro   0x00005370      0x5b8 src/ASF/sam0/drivers/extint/extint_sam_d_r_h/extint.o
 .debug_macro   0x00005928      0x4b6 src/ASF/sam0/drivers/extint/extint_sam_d_r_h/extint.o
 .debug_macro   0x00005dde      0x74c src/ASF/sam0/drivers/extint/extint_sam_d_r_h/extint.o
 .debug_macro   0x0000652a       0x5e src/ASF/sam0/drivers/extint/extint_sam_d_r_h/extint.o
 .debug_macro   0x00006588      0x5e2 src/ASF/sam0/drivers/extint/extint_sam_d_r_h/extint.o
 .debug_macro   0x00006b6a      0x3b8 src/ASF/sam0/drivers/extint/extint_sam_d_r_h/extint.o
 .debug_macro   0x00006f22      0xc55 src/ASF/sam0/drivers/extint/extint_sam_d_r_h/extint.o
 .debug_macro   0x00007b77      0xd29 src/ASF/sam0/drivers/extint/extint_sam_d_r_h/extint.o
 .debug_macro   0x000088a0      0x7b8 src/ASF/sam0/drivers/extint/extint_sam_d_r_h/extint.o
 .debug_macro   0x00009058      0x6c2 src/ASF/sam0/drivers/extint/extint_sam_d_r_h/extint.o
 .debug_macro   0x0000971a      0x351 src/ASF/sam0/drivers/extint/extint_sam_d_r_h/extint.o
 .debug_macro   0x00009a6b       0x7c src/ASF/sam0/drivers/extint/extint_sam_d_r_h/extint.o
 .debug_macro   0x00009ae7       0x9a src/ASF/sam0/drivers/extint/extint_sam_d_r_h/extint.o
 .debug_macro   0x00009b81       0x46 src/ASF/sam0/drivers/extint/extint_sam_d_r_h/extint.o
 .debug_macro   0x00009bc7       0xb2 src/ASF/sam0/drivers/extint/extint_sam_d_r_h/extint.o
 .debug_macro   0x00009c79       0x6a src/ASF/sam0/drivers/extint/extint_sam_d_r_h/extint.o
 .debug_macro   0x00009ce3      0x287 src/ASF/sam0/drivers/extint/extint_sam_d_r_h/extint.o
 .debug_macro   0x00009f6a       0x82 src/ASF/sam0/drivers/extint/extint_sam_d_r_h/extint.o
 .debug_macro   0x00009fec       0xb8 src/ASF/sam0/drivers/extint/extint_sam_d_r_h/extint.o
 .debug_macro   0x0000a0a4       0x1c src/ASF/sam0/drivers/extint/extint_sam_d_r_h/extint.o
 .debug_macro   0x0000a0c0       0x1c src/ASF/sam0/drivers/extint/extint_sam_d_r_h/extint.o
 .debug_macro   0x0000a0dc       0x1c src/ASF/sam0/drivers/extint/extint_sam_d_r_h/extint.o
 .debug_macro   0x0000a0f8       0x82 src/ASF/sam0/drivers/extint/extint_sam_d_r_h/extint.o
 .debug_macro   0x0000a17a      0x164 src/ASF/sam0/drivers/extint/extint_sam_d_r_h/extint.o
 .debug_macro   0x0000a2de       0xdc src/ASF/sam0/drivers/extint/extint_sam_d_r_h/extint.o
 .debug_macro   0x0000a3ba      0x104 src/ASF/sam0/drivers/extint/extint_sam_d_r_h/extint.o
 .debug_macro   0x0000a4be      0x104 src/ASF/sam0/drivers/extint/extint_sam_d_r_h/extint.o
 .debug_macro   0x0000a5c2      0x104 src/ASF/sam0/drivers/extint/extint_sam_d_r_h/extint.o
 .debug_macro   0x0000a6c6      0x104 src/ASF/sam0/drivers/extint/extint_sam_d_r_h/extint.o
 .debug_macro   0x0000a7ca      0x104 src/ASF/sam0/drivers/extint/extint_sam_d_r_h/extint.o
 .debug_macro   0x0000a8ce      0x104 src/ASF/sam0/drivers/extint/extint_sam_d_r_h/extint.o
 .debug_macro   0x0000a9d2       0xfa src/ASF/sam0/drivers/extint/extint_sam_d_r_h/extint.o
 .debug_macro   0x0000aacc       0xbe src/ASF/sam0/drivers/extint/extint_sam_d_r_h/extint.o
 .debug_macro   0x0000ab8a       0xbe src/ASF/sam0/drivers/extint/extint_sam_d_r_h/extint.o
 .debug_macro   0x0000ac48       0xbe src/ASF/sam0/drivers/extint/extint_sam_d_r_h/extint.o
 .debug_macro   0x0000ad06       0xbe src/ASF/sam0/drivers/extint/extint_sam_d_r_h/extint.o
 .debug_macro   0x0000adc4       0xbe src/ASF/sam0/drivers/extint/extint_sam_d_r_h/extint.o
 .debug_macro   0x0000ae82       0xbe src/ASF/sam0/drivers/extint/extint_sam_d_r_h/extint.o
 .debug_macro   0x0000af40       0xbe src/ASF/sam0/drivers/extint/extint_sam_d_r_h/extint.o
 .debug_macro   0x0000affe       0xbe src/ASF/sam0/drivers/extint/extint_sam_d_r_h/extint.o
 .debug_macro   0x0000b0bc       0x40 src/ASF/sam0/drivers/extint/extint_sam_d_r_h/extint.o
 .debug_macro   0x0000b0fc      0x2e3 src/ASF/sam0/drivers/extint/extint_sam_d_r_h/extint.o
 .debug_macro   0x0000b3df     0x19c4 src/ASF/sam0/drivers/extint/extint_sam_d_r_h/extint.o
 .debug_macro   0x0000cda3       0x4a src/ASF/sam0/drivers/extint/extint_sam_d_r_h/extint.o
 .debug_macro   0x0000cded       0x58 src/ASF/sam0/drivers/extint/extint_sam_d_r_h/extint.o
 .debug_macro   0x0000ce45       0x35 src/ASF/sam0/drivers/extint/extint_sam_d_r_h/extint.o
 .debug_macro   0x0000ce7a       0x9c src/ASF/sam0/drivers/extint/extint_sam_d_r_h/extint.o
 .debug_macro   0x0000cf16       0x16 src/ASF/sam0/drivers/extint/extint_sam_d_r_h/extint.o
 .debug_macro   0x0000cf2c       0x35 src/ASF/sam0/drivers/extint/extint_sam_d_r_h/extint.o
 .debug_macro   0x0000cf61      0x353 src/ASF/sam0/drivers/extint/extint_sam_d_r_h/extint.o
 .debug_macro   0x0000d2b4       0x10 src/ASF/sam0/drivers/extint/extint_sam_d_r_h/extint.o
 .debug_macro   0x0000d2c4       0x58 src/ASF/sam0/drivers/extint/extint_sam_d_r_h/extint.o
 .debug_macro   0x0000d31c       0x1f src/ASF/sam0/drivers/extint/extint_sam_d_r_h/extint.o
 .debug_macro   0x0000d33b       0x43 src/ASF/sam0/drivers/extint/extint_sam_d_r_h/extint.o
 .debug_macro   0x0000d37e       0x20 src/ASF/sam0/drivers/extint/extint_sam_d_r_h/extint.o
 .debug_macro   0x0000d39e      0x187 src/ASF/sam0/drivers/extint/extint_sam_d_r_h/extint.o
 .debug_macro   0x0000d525       0x10 src/ASF/sam0/drivers/extint/extint_sam_d_r_h/extint.o
 .debug_macro   0x0000d535       0x1c src/ASF/sam0/drivers/extint/extint_sam_d_r_h/extint.o
 .debug_macro   0x0000d551       0x52 src/ASF/sam0/drivers/extint/extint_sam_d_r_h/extint.o
 .debug_macro   0x0000d5a3       0x40 src/ASF/sam0/drivers/extint/extint_sam_d_r_h/extint.o
 .debug_macro   0x0000d5e3       0x10 src/ASF/sam0/drivers/extint/extint_sam_d_r_h/extint.o
 .debug_macro   0x0000d5f3       0x40 src/ASF/sam0/drivers/extint/extint_sam_d_r_h/extint.o
 .debug_macro   0x0000d633       0xd7 src/ASF/sam0/drivers/extint/extint_sam_d_r_h/extint.o
 .debug_macro   0x0000d70a       0x16 src/ASF/sam0/drivers/extint/extint_sam_d_r_h/extint.o
 .debug_macro   0x0000d720      0x18b src/ASF/sam0/drivers/extint/extint_sam_d_r_h/extint.o
 .debug_macro   0x0000d8ab       0x16 src/ASF/sam0/drivers/extint/extint_sam_d_r_h/extint.o
 .debug_macro   0x0000d8c1       0x16 src/ASF/sam0/drivers/extint/extint_sam_d_r_h/extint.o
 .debug_macro   0x0000d8d7       0x29 src/ASF/sam0/drivers/extint/extint_sam_d_r_h/extint.o
 .debug_macro   0x0000d900       0x51 src/ASF/sam0/drivers/extint/extint_sam_d_r_h/extint.o
 .debug_macro   0x0000d951       0x3f src/ASF/sam0/drivers/extint/extint_sam_d_r_h/extint.o
 .debug_macro   0x0000d990      0x3df src/ASF/sam0/drivers/extint/extint_sam_d_r_h/extint.o
 .debug_macro   0x0000dd6f       0x11 src/ASF/sam0/drivers/extint/extint_sam_d_r_h/extint.o
 .debug_macro   0x0000dd80       0x16 src/ASF/sam0/drivers/extint/extint_sam_d_r_h/extint.o
 .debug_macro   0x0000dd96       0x2e src/ASF/sam0/drivers/extint/extint_sam_d_r_h/extint.o
 .debug_macro   0x0000ddc4       0x18 src/ASF/sam0/drivers/extint/extint_sam_d_r_h/extint.o
 .debug_macro   0x0000dddc       0x16 src/ASF/sam0/drivers/extint/extint_sam_d_r_h/extint.o
 .debug_macro   0x0000ddf2      0x4f8 src/ASF/sam0/drivers/rtc/rtc_sam_d_r_h/rtc_count.o
 .debug_macro   0x0000e2ea      0x21a src/ASF/sam0/drivers/rtc/rtc_sam_d_r_h/rtc_count.o
 .debug_macro   0x0000e504      0x502 src/ASF/sam0/drivers/rtc/rtc_sam_d_r_h/rtc_count_interrupt.o
 .debug_macro   0x0000ea06      0x532 src/ASF/sam0/drivers/sercom/sercom.o
 .debug_macro   0x0000ef38       0xb2 src/ASF/sam0/drivers/sercom/sercom.o
 .debug_macro   0x0000efea       0x10 src/ASF/sam0/drivers/sercom/sercom.o
 .debug_macro   0x0000effa      0x513 src/ASF/sam0/drivers/tc/tc_interrupt.o
 .debug_macro   0x0000f50d       0x19 src/ASF/sam0/drivers/tc/tc_interrupt.o
 .debug_macro   0x0000f526       0x51 src/ASF/sam0/drivers/tc/tc_interrupt.o
 .debug_macro   0x0000f577      0x51c src/ASF/sam0/drivers/wdt/wdt_callback.o
 .debug_macro   0x0000fa93      0x668 src/Comm_func.o
 .debug_macro   0x000100fb      0x12e src/Comm_func.o
 .debug_macro   0x00010229       0x16 src/Comm_func.o
 .debug_macro   0x0001023f       0x16 src/Comm_func.o
 .debug_macro   0x00010255       0x12 src/Comm_func.o
 .debug_macro   0x00010267      0x2c6 src/Comm_func.o
 .debug_macro   0x0001052d       0x18 src/Comm_func.o
 .debug_macro   0x00010545       0x1f src/Comm_func.o
 .debug_macro   0x00010564       0x6c src/Comm_func.o
 .debug_macro   0x000105d0       0x10 src/Comm_func.o
 .debug_macro   0x000105e0       0x10 src/Comm_func.o
 .debug_macro   0x000105f0      0x668 src/WIFI_E103W01.o
 .debug_macro   0x00010c58      0x543 src/ASF/sam0/drivers/sercom/usart/usart.o
 .debug_macro   0x0001119b       0x19 src/ASF/sam0/drivers/sercom/usart/usart.o
 .debug_macro   0x000111b4      0x543 src/ASF/sam0/drivers/sercom/usart/usart_interrupt.o
 .debug_macro   0x000116f7      0x52f src/ASF/sam0/drivers/sercom/sercom_interrupt.o
 .debug_macro   0x00011c26      0x4c9 src/ASF/sam0/drivers/extint/extint_callback.o
 .debug_macro   0x000120ef      0x4e0 src/ASF/common2/services/delay/sam0/systick_counter.o
 .debug_macro   0x000125cf      0x4be src/ASF/sam0/drivers/port/port.o
 .debug_macro   0x00012a8d       0x12 src/ASF/sam0/drivers/port/port.o
 .debug_macro   0x00012a9f      0x668 src/ASF/common2/boards/user_board/init.o
 .debug_macro   0x00013107      0x4a4 src/ASF/common/utils/interrupt/interrupt_sam_nvic.o
 .debug_macro   0x000135ab      0x5b9 src/ASF/sam0/drivers/system/clock/clock_samd20/clock.o
 .debug_macro   0x00013b64      0x4db src/ASF/sam0/drivers/system/clock/clock_samd20/gclk.o
 .debug_macro   0x0001403f      0x4b6 src/ASF/sam0/drivers/system/pinmux/pinmux.o
 .debug_macro   0x000144f5      0x4e8 src/ASF/sam0/drivers/system/system.o
 .debug_macro   0x000149dd      0x28b src/ASF/sam0/utils/cmsis/samd20/source/gcc/startup_samd20.o
 .debug_macro   0x00014c68       0x3a src/ASF/sam0/utils/cmsis/samd20/source/gcc/startup_samd20.o
 .debug_macro   0x00014ca2      0x668 src/BLE_E104BT02.o
 .debug_macro   0x0001530a      0x668 src/FP_FPM023.o
 .debug_macro   0x00015972      0x668 src/main.o

.debug_line     0x00000000    0x1039e
 .debug_line    0x00000000      0xb4f src/ASF/sam0/drivers/extint/extint_sam_d_r_h/extint.o
 .debug_line    0x00000b4f      0xb55 src/ASF/sam0/drivers/rtc/rtc_sam_d_r_h/rtc_count.o
 .debug_line    0x000016a4      0x9e2 src/ASF/sam0/drivers/rtc/rtc_sam_d_r_h/rtc_count_interrupt.o
 .debug_line    0x00002086      0xaf3 src/ASF/sam0/drivers/sercom/sercom.o
 .debug_line    0x00002b79      0x9f5 src/ASF/sam0/drivers/tc/tc_interrupt.o
 .debug_line    0x0000356e      0xa4b src/ASF/sam0/drivers/wdt/wdt_callback.o
 .debug_line    0x00003fb9      0xdcb src/Comm_func.o
 .debug_line    0x00004d84      0xdd9 src/WIFI_E103W01.o
 .debug_line    0x00005b5d      0xc12 src/ASF/sam0/drivers/sercom/usart/usart.o
 .debug_line    0x0000676f      0xbc9 src/ASF/sam0/drivers/sercom/usart/usart_interrupt.o
 .debug_line    0x00007338      0xa96 src/ASF/sam0/drivers/sercom/sercom_interrupt.o
 .debug_line    0x00007dce      0x8fa src/ASF/sam0/drivers/extint/extint_callback.o
 .debug_line    0x000086c8      0x8e3 src/ASF/common2/services/delay/sam0/systick_counter.o
 .debug_line    0x00008fab      0x824 src/ASF/sam0/drivers/port/port.o
 .debug_line    0x000097cf      0xcb4 src/ASF/common2/boards/user_board/init.o
 .debug_line    0x0000a483      0x7f8 src/ASF/common/utils/interrupt/interrupt_sam_nvic.o
 .debug_line    0x0000ac7b      0xb48 src/ASF/sam0/drivers/system/clock/clock_samd20/clock.o
 .debug_line    0x0000b7c3      0xb95 src/ASF/sam0/drivers/system/clock/clock_samd20/gclk.o
 .debug_line    0x0000c358      0x854 src/ASF/sam0/drivers/system/pinmux/pinmux.o
 .debug_line    0x0000cbac      0x910 src/ASF/sam0/drivers/system/system.o
 .debug_line    0x0000d4bc      0x570 src/ASF/sam0/utils/cmsis/samd20/source/gcc/startup_samd20.o
 .debug_line    0x0000da2c      0xe1c src/BLE_E104BT02.o
 .debug_line    0x0000e848      0xe9a src/FP_FPM023.o
 .debug_line    0x0000f6e2      0xcbc src/main.o

.debug_str      0x00000000    0x60279
 .debug_str     0x00000000    0x58eab src/ASF/sam0/drivers/extint/extint_sam_d_r_h/extint.o
                              0x5943f (size before relaxing)
 .debug_str     0x00058eab     0x15c6 src/ASF/sam0/drivers/rtc/rtc_sam_d_r_h/rtc_count.o
                              0x5a025 (size before relaxing)
 .debug_str     0x0005a471      0x106 src/ASF/sam0/drivers/rtc/rtc_sam_d_r_h/rtc_count_interrupt.o
                              0x594b9 (size before relaxing)
 .debug_str     0x0005a577      0xd78 src/ASF/sam0/drivers/sercom/sercom.o
                              0x59212 (size before relaxing)
 .debug_str     0x0005b2ef      0x670 src/ASF/sam0/drivers/tc/tc_interrupt.o
                              0x58a42 (size before relaxing)
 .debug_str     0x0005b95f      0x1c8 src/ASF/sam0/drivers/wdt/wdt_callback.o
                              0x5888d (size before relaxing)
 .debug_str     0x0005bb27     0x162c src/Comm_func.o
                              0x5b91b (size before relaxing)
 .debug_str     0x0005d153      0x433 src/WIFI_E103W01.o
                              0x5c131 (size before relaxing)
 .debug_str     0x0005d586      0x40e src/ASF/sam0/drivers/sercom/usart/usart.o
                              0x59bf9 (size before relaxing)
 .debug_str     0x0005d994      0x1d1 src/ASF/sam0/drivers/sercom/usart/usart_interrupt.o
                              0x590b0 (size before relaxing)
 .debug_str     0x0005db65      0x158 src/ASF/sam0/drivers/sercom/sercom_interrupt.o
                              0x5904b (size before relaxing)
 .debug_str     0x0005dcbd      0x131 src/ASF/sam0/drivers/extint/extint_callback.o
                              0x584ea (size before relaxing)
 .debug_str     0x0005ddee       0xac src/ASF/common2/services/delay/sam0/systick_counter.o
                              0x57ede (size before relaxing)
 .debug_str     0x0005de9a       0x5e src/ASF/sam0/drivers/port/port.o
                              0x580ef (size before relaxing)
 .debug_str     0x0005def8       0x3e src/ASF/common2/boards/user_board/init.o
                              0x5b567 (size before relaxing)
 .debug_str     0x0005df36       0x66 src/ASF/common/utils/interrupt/interrupt_sam_nvic.o
                              0x57ce9 (size before relaxing)
 .debug_str     0x0005df9c     0x1957 src/ASF/sam0/drivers/system/clock/clock_samd20/clock.o
                              0x5af0b (size before relaxing)
 .debug_str     0x0005f8f3      0x1b7 src/ASF/sam0/drivers/system/clock/clock_samd20/gclk.o
                              0x5891c (size before relaxing)
 .debug_str     0x0005faaa       0xf4 src/ASF/sam0/drivers/system/pinmux/pinmux.o
                              0x580e0 (size before relaxing)
 .debug_str     0x0005fb9e       0x47 src/ASF/sam0/drivers/system/system.o
                              0x57d85 (size before relaxing)
 .debug_str     0x0005fbe5      0x391 src/ASF/sam0/utils/cmsis/samd20/source/gcc/startup_samd20.o
                              0x42f09 (size before relaxing)
 .debug_str     0x0005ff76      0x11b src/BLE_E104BT02.o
                              0x5c1b8 (size before relaxing)
 .debug_str     0x00060091      0x1da src/FP_FPM023.o
                              0x5c435 (size before relaxing)
 .debug_str     0x0006026b        0xe src/main.o
                              0x5b5b7 (size before relaxing)

.debug_frame    0x00000000      0xff0
 .debug_frame   0x00000000       0xb8 src/ASF/sam0/drivers/extint/extint_sam_d_r_h/extint.o
 .debug_frame   0x000000b8      0x178 src/ASF/sam0/drivers/rtc/rtc_sam_d_r_h/rtc_count.o
 .debug_frame   0x00000230       0x78 src/ASF/sam0/drivers/rtc/rtc_sam_d_r_h/rtc_count_interrupt.o
 .debug_frame   0x000002a8       0xbc src/ASF/sam0/drivers/sercom/sercom.o
 .debug_frame   0x00000364      0x10c src/ASF/sam0/drivers/tc/tc_interrupt.o
 .debug_frame   0x00000470       0x68 src/ASF/sam0/drivers/wdt/wdt_callback.o
 .debug_frame   0x000004d8       0xb8 src/Comm_func.o
 .debug_frame   0x00000590       0xb4 src/WIFI_E103W01.o
 .debug_frame   0x00000644       0xac src/ASF/sam0/drivers/sercom/usart/usart.o
 .debug_frame   0x000006f0      0x110 src/ASF/sam0/drivers/sercom/usart/usart_interrupt.o
 .debug_frame   0x00000800       0xe8 src/ASF/sam0/drivers/sercom/sercom_interrupt.o
 .debug_frame   0x000008e8       0x7c src/ASF/sam0/drivers/extint/extint_callback.o
 .debug_frame   0x00000964       0x64 src/ASF/common2/services/delay/sam0/systick_counter.o
 .debug_frame   0x000009c8       0x44 src/ASF/sam0/drivers/port/port.o
 .debug_frame   0x00000a0c       0x20 src/ASF/common2/boards/user_board/init.o
 .debug_frame   0x00000a2c       0x30 src/ASF/common/utils/interrupt/interrupt_sam_nvic.o
 .debug_frame   0x00000a5c      0x130 src/ASF/sam0/drivers/system/clock/clock_samd20/clock.o
 .debug_frame   0x00000b8c      0x148 src/ASF/sam0/drivers/system/clock/clock_samd20/gclk.o
 .debug_frame   0x00000cd4       0x74 src/ASF/sam0/drivers/system/pinmux/pinmux.o
 .debug_frame   0x00000d48       0x38 src/ASF/sam0/drivers/system/system.o
 .debug_frame   0x00000d80       0x38 src/ASF/sam0/utils/cmsis/samd20/source/gcc/startup_samd20.o
 .debug_frame   0x00000db8       0xb0 src/BLE_E104BT02.o
 .debug_frame   0x00000e68       0xb8 src/FP_FPM023.o
 .debug_frame   0x00000f20       0x28 src/main.o
 .debug_frame   0x00000f48       0x20 d:/atmel/7.0/toolchain/arm/arm-gnu-toolchain/bin/../lib/gcc/arm-none-eabi/6.3.1/thumb/v6-m\libgcc.a(_udivsi3.o)
 .debug_frame   0x00000f68       0x34 d:/atmel/7.0/toolchain/arm/arm-gnu-toolchain/bin/../lib/gcc/arm-none-eabi/6.3.1/thumb/v6-m\libgcc.a(_muldi3.o)
 .debug_frame   0x00000f9c       0x2c d:/atmel/7.0/toolchain/arm/arm-gnu-toolchain/bin/../lib/gcc/arm-none-eabi/6.3.1/../../../../arm-none-eabi/lib/thumb/v6-m\libc_nano.a(lib_a-init.o)
 .debug_frame   0x00000fc8       0x28 d:/atmel/7.0/toolchain/arm/arm-gnu-toolchain/bin/../lib/gcc/arm-none-eabi/6.3.1/../../../../arm-none-eabi/lib/thumb/v6-m\libc_nano.a(lib_a-memcpy-stub.o)

Cross Reference Table

Symbol                                            File
AC_Handler                                        src/ASF/sam0/utils/cmsis/samd20/source/gcc/startup_samd20.o
ADC_Handler                                       src/ASF/sam0/utils/cmsis/samd20/source/gcc/startup_samd20.o
DAC_Handler                                       src/ASF/sam0/utils/cmsis/samd20/source/gcc/startup_samd20.o
Door_key                                          src/Comm_func.o
Door_lock                                         src/Comm_func.o
Door_sensor                                       src/Comm_func.o
Dummy_Handler                                     src/ASF/sam0/utils/cmsis/samd20/source/gcc/startup_samd20.o
EIC_Handler                                       src/ASF/sam0/drivers/extint/extint_callback.o
EVSYS_Handler                                     src/ASF/sam0/utils/cmsis/samd20/source/gcc/startup_samd20.o
FP_ID                                             src/FP_FPM023.o
                                                  src/main.o
                                                  src/BLE_E104BT02.o
                                                  src/ASF/common2/boards/user_board/init.o
                                                  src/WIFI_E103W01.o
                                                  src/TC-timer.o
                                                  src/Comm_func.o
FPaction                                          src/FP_FPM023.o
FPaction_Flag                                     src/FP_FPM023.o
                                                  src/main.o
                                                  src/BLE_E104BT02.o
                                                  src/ASF/common2/boards/user_board/init.o
                                                  src/WIFI_E103W01.o
                                                  src/TC-timer.o
                                                  src/Comm_func.o
FPaction_Register_FLAG                            src/FP_FPM023.o
                                                  src/main.o
                                                  src/BLE_E104BT02.o
                                                  src/ASF/common2/boards/user_board/init.o
                                                  src/WIFI_E103W01.o
                                                  src/TC-timer.o
                                                  src/Comm_func.o
HardFault_Handler                                 src/ASF/sam0/utils/cmsis/samd20/source/gcc/startup_samd20.o
LedInit                                           src/Comm_func.o
                                                  src/main.o
MotorInit                                         src/Comm_func.o
                                                  src/main.o
Motor_brake                                       src/Comm_func.o
Motor_coast                                       src/Comm_func.o
Motor_reverse                                     src/Comm_func.o
Motor_rotate                                      src/Comm_func.o
                                                  src/main.o
                                                  src/BLE_E104BT02.o
Motor_status                                      src/Comm_func.o
                                                  src/main.o
                                                  src/FP_FPM023.o
                                                  src/BLE_E104BT02.o
                                                  src/ASF/common2/boards/user_board/init.o
                                                  src/WIFI_E103W01.o
                                                  src/TC-timer.o
NMI_Handler                                       src/ASF/sam0/utils/cmsis/samd20/source/gcc/startup_samd20.o
NVMCTRL_Handler                                   src/ASF/sam0/utils/cmsis/samd20/source/gcc/startup_samd20.o
PM_Handler                                        src/ASF/sam0/utils/cmsis/samd20/source/gcc/startup_samd20.o
PTC_Handler                                       src/ASF/sam0/utils/cmsis/samd20/source/gcc/startup_samd20.o
PendSV_Handler                                    src/ASF/sam0/utils/cmsis/samd20/source/gcc/startup_samd20.o
RTC_Handler                                       src/ASF/sam0/drivers/rtc/rtc_sam_d_r_h/rtc_count_interrupt.o
Reset_Handler                                     src/ASF/sam0/utils/cmsis/samd20/source/gcc/startup_samd20.o
SERCOM0_Handler                                   src/ASF/sam0/drivers/sercom/sercom_interrupt.o
SERCOM1_Handler                                   src/ASF/sam0/drivers/sercom/sercom_interrupt.o
SERCOM2_Handler                                   src/ASF/sam0/drivers/sercom/sercom_interrupt.o
SERCOM3_Handler                                   src/ASF/sam0/drivers/sercom/sercom_interrupt.o
SERCOM4_Handler                                   src/ASF/sam0/drivers/sercom/sercom_interrupt.o
SERCOM5_Handler                                   src/ASF/sam0/drivers/sercom/sercom_interrupt.o
SVC_Handler                                       src/ASF/sam0/utils/cmsis/samd20/source/gcc/startup_samd20.o
SYSCTRL_Handler                                   src/ASF/sam0/utils/cmsis/samd20/source/gcc/startup_samd20.o
SysTick_Handler                                   src/ASF/sam0/utils/cmsis/samd20/source/gcc/startup_samd20.o
SystemCoreClock                                   src/ASF/sam0/utils/cmsis/samd20/source/system_samd20.o
SystemCoreClockUpdate                             src/ASF/sam0/utils/cmsis/samd20/source/system_samd20.o
SystemInit                                        src/ASF/sam0/utils/cmsis/samd20/source/system_samd20.o
TC0_Handler                                       src/ASF/sam0/drivers/tc/tc_interrupt.o
TC1_Handler                                       src/ASF/sam0/drivers/tc/tc_interrupt.o
TC2_Handler                                       src/ASF/sam0/drivers/tc/tc_interrupt.o
TC3_Handler                                       src/ASF/sam0/drivers/tc/tc_interrupt.o
TC4_Handler                                       src/ASF/sam0/drivers/tc/tc_interrupt.o
TC5_Handler                                       src/ASF/sam0/drivers/tc/tc_interrupt.o
TC6_Handler                                       src/ASF/sam0/drivers/tc/tc_interrupt.o
TC7_Handler                                       src/ASF/sam0/drivers/tc/tc_interrupt.o
WDT_Handler                                       src/ASF/sam0/drivers/wdt/wdt_callback.o
WiFi_StartWorking                                 src/WIFI_E103W01.o
_Jv_RegisterClasses                               d:/atmel/7.0/toolchain/arm/arm-gnu-toolchain/bin/../lib/gcc/arm-none-eabi/6.3.1/thumb/v6-m/crtbegin.o
__aeabi_idiv0                                     d:/atmel/7.0/toolchain/arm/arm-gnu-toolchain/bin/../lib/gcc/arm-none-eabi/6.3.1/thumb/v6-m\libgcc.a(_dvmd_tls.o)
                                                  d:/atmel/7.0/toolchain/arm/arm-gnu-toolchain/bin/../lib/gcc/arm-none-eabi/6.3.1/thumb/v6-m\libgcc.a(_udivsi3.o)
__aeabi_ldiv0                                     d:/atmel/7.0/toolchain/arm/arm-gnu-toolchain/bin/../lib/gcc/arm-none-eabi/6.3.1/thumb/v6-m\libgcc.a(_dvmd_tls.o)
__aeabi_lmul                                      d:/atmel/7.0/toolchain/arm/arm-gnu-toolchain/bin/../lib/gcc/arm-none-eabi/6.3.1/thumb/v6-m\libgcc.a(_muldi3.o)
                                                  src/ASF/sam0/drivers/sercom/sercom.o
__aeabi_uidiv                                     d:/atmel/7.0/toolchain/arm/arm-gnu-toolchain/bin/../lib/gcc/arm-none-eabi/6.3.1/thumb/v6-m\libgcc.a(_udivsi3.o)
                                                  src/ASF/sam0/drivers/system/clock/clock_samd20/gclk.o
                                                  src/ASF/common2/services/delay/sam0/systick_counter.o
__aeabi_uidivmod                                  d:/atmel/7.0/toolchain/arm/arm-gnu-toolchain/bin/../lib/gcc/arm-none-eabi/6.3.1/thumb/v6-m\libgcc.a(_udivsi3.o)
__bss_end__                                       d:/atmel/7.0/toolchain/arm/arm-gnu-toolchain/bin/../lib/gcc/arm-none-eabi/6.3.1/../../../../arm-none-eabi/lib/thumb/v6-m/crt0.o
__bss_start__                                     d:/atmel/7.0/toolchain/arm/arm-gnu-toolchain/bin/../lib/gcc/arm-none-eabi/6.3.1/../../../../arm-none-eabi/lib/thumb/v6-m/crt0.o
__call_exitprocs                                  d:/atmel/7.0/toolchain/arm/arm-gnu-toolchain/bin/../lib/gcc/arm-none-eabi/6.3.1/../../../../arm-none-eabi/lib/thumb/v6-m\libc_nano.a(lib_a-exit.o)
__deregister_frame_info                           d:/atmel/7.0/toolchain/arm/arm-gnu-toolchain/bin/../lib/gcc/arm-none-eabi/6.3.1/thumb/v6-m/crtbegin.o
__dso_handle                                      d:/atmel/7.0/toolchain/arm/arm-gnu-toolchain/bin/../lib/gcc/arm-none-eabi/6.3.1/thumb/v6-m/crtbegin.o
__init_array_end                                  d:/atmel/7.0/toolchain/arm/arm-gnu-toolchain/bin/../lib/gcc/arm-none-eabi/6.3.1/../../../../arm-none-eabi/lib/thumb/v6-m\libc_nano.a(lib_a-init.o)
__init_array_start                                d:/atmel/7.0/toolchain/arm/arm-gnu-toolchain/bin/../lib/gcc/arm-none-eabi/6.3.1/../../../../arm-none-eabi/lib/thumb/v6-m\libc_nano.a(lib_a-init.o)
__libc_fini_array                                 d:/atmel/7.0/toolchain/arm/arm-gnu-toolchain/bin/../lib/gcc/arm-none-eabi/6.3.1/../../../../arm-none-eabi/lib/thumb/v6-m/crt0.o
__libc_init_array                                 d:/atmel/7.0/toolchain/arm/arm-gnu-toolchain/bin/../lib/gcc/arm-none-eabi/6.3.1/../../../../arm-none-eabi/lib/thumb/v6-m\libc_nano.a(lib_a-init.o)
                                                  src/ASF/sam0/utils/cmsis/samd20/source/gcc/startup_samd20.o
                                                  d:/atmel/7.0/toolchain/arm/arm-gnu-toolchain/bin/../lib/gcc/arm-none-eabi/6.3.1/../../../../arm-none-eabi/lib/thumb/v6-m/crt0.o
__muldi3                                          d:/atmel/7.0/toolchain/arm/arm-gnu-toolchain/bin/../lib/gcc/arm-none-eabi/6.3.1/thumb/v6-m\libgcc.a(_muldi3.o)
__preinit_array_end                               d:/atmel/7.0/toolchain/arm/arm-gnu-toolchain/bin/../lib/gcc/arm-none-eabi/6.3.1/../../../../arm-none-eabi/lib/thumb/v6-m\libc_nano.a(lib_a-init.o)
__preinit_array_start                             d:/atmel/7.0/toolchain/arm/arm-gnu-toolchain/bin/../lib/gcc/arm-none-eabi/6.3.1/../../../../arm-none-eabi/lib/thumb/v6-m\libc_nano.a(lib_a-init.o)
__register_frame_info                             d:/atmel/7.0/toolchain/arm/arm-gnu-toolchain/bin/../lib/gcc/arm-none-eabi/6.3.1/thumb/v6-m/crtbegin.o
__sf_fake_stderr                                  d:/atmel/7.0/toolchain/arm/arm-gnu-toolchain/bin/../lib/gcc/arm-none-eabi/6.3.1/../../../../arm-none-eabi/lib/thumb/v6-m\libc_nano.a(lib_a-impure.o)
__sf_fake_stdin                                   d:/atmel/7.0/toolchain/arm/arm-gnu-toolchain/bin/../lib/gcc/arm-none-eabi/6.3.1/../../../../arm-none-eabi/lib/thumb/v6-m\libc_nano.a(lib_a-impure.o)
__sf_fake_stdout                                  d:/atmel/7.0/toolchain/arm/arm-gnu-toolchain/bin/../lib/gcc/arm-none-eabi/6.3.1/../../../../arm-none-eabi/lib/thumb/v6-m\libc_nano.a(lib_a-impure.o)
__stack                                           d:/atmel/7.0/toolchain/arm/arm-gnu-toolchain/bin/../lib/gcc/arm-none-eabi/6.3.1/../../../../arm-none-eabi/lib/thumb/v6-m/crt0.o
__udivsi3                                         d:/atmel/7.0/toolchain/arm/arm-gnu-toolchain/bin/../lib/gcc/arm-none-eabi/6.3.1/thumb/v6-m\libgcc.a(_udivsi3.o)
_close                                            src/ASF/sam0/utils/syscalls/gcc/syscalls.o
_current_channel                                  src/ASF/sam0/drivers/extint/extint_callback.o
_end                                              src/ASF/sam0/utils/syscalls/gcc/syscalls.o
_erelocate                                        src/ASF/sam0/utils/cmsis/samd20/source/gcc/startup_samd20.o
_estack                                           src/ASF/sam0/utils/cmsis/samd20/source/gcc/startup_samd20.o
_etext                                            src/ASF/sam0/utils/cmsis/samd20/source/gcc/startup_samd20.o
_exit                                             src/ASF/sam0/utils/syscalls/gcc/syscalls.o
                                                  d:/atmel/7.0/toolchain/arm/arm-gnu-toolchain/bin/../lib/gcc/arm-none-eabi/6.3.1/../../../../arm-none-eabi/lib/thumb/v6-m\libc_nano.a(lib_a-exit.o)
_extint_dev                                       src/ASF/sam0/drivers/extint/extint_sam_d_r_h/extint.o
                                                  src/ASF/sam0/drivers/extint/extint_callback.o
_ezero                                            src/ASF/sam0/utils/cmsis/samd20/source/gcc/startup_samd20.o
_fini                                             d:/atmel/7.0/toolchain/arm/arm-gnu-toolchain/bin/../lib/gcc/arm-none-eabi/6.3.1/thumb/v6-m/crti.o
_fstat                                            src/ASF/sam0/utils/syscalls/gcc/syscalls.o
_getpid                                           src/ASF/sam0/utils/syscalls/gcc/syscalls.o
_global_impure_ptr                                d:/atmel/7.0/toolchain/arm/arm-gnu-toolchain/bin/../lib/gcc/arm-none-eabi/6.3.1/../../../../arm-none-eabi/lib/thumb/v6-m\libc_nano.a(lib_a-impure.o)
                                                  d:/atmel/7.0/toolchain/arm/arm-gnu-toolchain/bin/../lib/gcc/arm-none-eabi/6.3.1/../../../../arm-none-eabi/lib/thumb/v6-m\libc_nano.a(lib_a-exit.o)
_impure_ptr                                       d:/atmel/7.0/toolchain/arm/arm-gnu-toolchain/bin/../lib/gcc/arm-none-eabi/6.3.1/../../../../arm-none-eabi/lib/thumb/v6-m\libc_nano.a(lib_a-impure.o)
_init                                             d:/atmel/7.0/toolchain/arm/arm-gnu-toolchain/bin/../lib/gcc/arm-none-eabi/6.3.1/thumb/v6-m/crti.o
                                                  d:/atmel/7.0/toolchain/arm/arm-gnu-toolchain/bin/../lib/gcc/arm-none-eabi/6.3.1/../../../../arm-none-eabi/lib/thumb/v6-m\libc_nano.a(lib_a-init.o)
_isatty                                           src/ASF/sam0/utils/syscalls/gcc/syscalls.o
_kill                                             src/ASF/sam0/utils/syscalls/gcc/syscalls.o
_lseek                                            src/ASF/sam0/utils/syscalls/gcc/syscalls.o
_mainCRTStartup                                   d:/atmel/7.0/toolchain/arm/arm-gnu-toolchain/bin/../lib/gcc/arm-none-eabi/6.3.1/../../../../arm-none-eabi/lib/thumb/v6-m/crt0.o
_rtc_instance                                     src/ASF/sam0/drivers/rtc/rtc_sam_d_r_h/rtc_count.o
                                                  src/ASF/sam0/drivers/rtc/rtc_sam_d_r_h/rtc_count_interrupt.o
_sbrk                                             src/ASF/sam0/utils/syscalls/gcc/syscalls.o
_sercom_get_async_baud_val                        src/ASF/sam0/drivers/sercom/sercom.o
                                                  src/ASF/sam0/drivers/sercom/usart/usart.o
_sercom_get_default_pad                           src/ASF/sam0/drivers/sercom/sercom.o
                                                  src/ASF/sam0/drivers/sercom/usart/usart.o
_sercom_get_interrupt_vector                      src/ASF/sam0/drivers/sercom/sercom_interrupt.o
                                                  src/FP_FPM023.o
                                                  src/BLE_E104BT02.o
                                                  src/WIFI_E103W01.o
_sercom_get_sercom_inst_index                     src/ASF/sam0/drivers/sercom/sercom.o
                                                  src/ASF/sam0/drivers/sercom/sercom_interrupt.o
                                                  src/ASF/sam0/drivers/sercom/usart/usart.o
_sercom_get_sync_baud_val                         src/ASF/sam0/drivers/sercom/sercom.o
                                                  src/ASF/sam0/drivers/sercom/usart/usart.o
_sercom_instances                                 src/ASF/sam0/drivers/sercom/sercom_interrupt.o
                                                  src/ASF/sam0/drivers/sercom/usart/usart_interrupt.o
                                                  src/ASF/sam0/drivers/sercom/usart/usart.o
_sercom_set_handler                               src/ASF/sam0/drivers/sercom/sercom_interrupt.o
                                                  src/ASF/sam0/drivers/sercom/usart/usart.o
_sfixed                                           src/ASF/sam0/utils/cmsis/samd20/source/gcc/startup_samd20.o
_srelocate                                        src/ASF/sam0/utils/cmsis/samd20/source/gcc/startup_samd20.o
_start                                            d:/atmel/7.0/toolchain/arm/arm-gnu-toolchain/bin/../lib/gcc/arm-none-eabi/6.3.1/../../../../arm-none-eabi/lib/thumb/v6-m/crt0.o
_system_divas_init                                src/ASF/sam0/drivers/system/system.o
_system_dummy_init                                src/ASF/sam0/drivers/system/system.o
_system_events_init                               src/ASF/sam0/drivers/system/system.o
_system_extint_init                               src/ASF/sam0/drivers/extint/extint_sam_d_r_h/extint.o
_szero                                            src/ASF/sam0/utils/cmsis/samd20/source/gcc/startup_samd20.o
_tc_get_inst_index                                src/ASF/sam0/drivers/tc/tc_sam_d_r_h/tc.o
                                                  src/TC-timer.o
_tc_instances                                     src/ASF/sam0/drivers/tc/tc_interrupt.o
                                                  src/ASF/sam0/drivers/tc/tc_sam_d_r_h/tc.o
_tc_interrupt_handler                             src/ASF/sam0/drivers/tc/tc_interrupt.o
_usart_interrupt_handler                          src/ASF/sam0/drivers/sercom/usart/usart_interrupt.o
                                                  src/ASF/sam0/drivers/sercom/usart/usart.o
_usart_read_buffer                                src/ASF/sam0/drivers/sercom/usart/usart_interrupt.o
_usart_write_buffer                               src/ASF/sam0/drivers/sercom/usart/usart_interrupt.o
atexit                                            d:/atmel/7.0/toolchain/arm/arm-gnu-toolchain/bin/../lib/gcc/arm-none-eabi/6.3.1/../../../../arm-none-eabi/lib/thumb/v6-m/crt0.o
ble_con_state                                     src/BLE_E104BT02.o
ble_is_data_transmission                          src/BLE_E104BT02.o
ble_power                                         src/BLE_E104BT02.o
ble_reset                                         src/BLE_E104BT02.o
ble_rx_buffer                                     src/main.o
                                                  src/FP_FPM023.o
                                                  src/BLE_E104BT02.o
                                                  src/ASF/common2/boards/user_board/init.o
                                                  src/WIFI_E103W01.o
                                                  src/TC-timer.o
                                                  src/Comm_func.o
ble_sleep                                         src/BLE_E104BT02.o
ble_transmitbuff                                  src/BLE_E104BT02.o
board_init                                        src/ASF/common2/boards/user_board/init.o
configureBLE_usart                                src/BLE_E104BT02.o
                                                  src/main.o
configure_FP                                      src/FP_FPM023.o
                                                  src/main.o
configure_tc                                      src/TC-timer.o
configure_wifi_callbacks                          src/WIFI_E103W01.o
configure_wifi_usart                              src/WIFI_E103W01.o
                                                  src/main.o
cpu_irq_enter_critical                            src/ASF/common/utils/interrupt/interrupt_sam_nvic.o
                                                  src/ASF/sam0/drivers/system/clock/clock_samd20/gclk.o
                                                  src/ASF/sam0/drivers/sercom/usart/usart_interrupt.o
cpu_irq_leave_critical                            src/ASF/common/utils/interrupt/interrupt_sam_nvic.o
                                                  src/ASF/sam0/drivers/system/clock/clock_samd20/gclk.o
                                                  src/ASF/sam0/drivers/sercom/usart/usart_interrupt.o
delay_cycles_ms                                   src/ASF/common2/services/delay/sam0/systick_counter.o
                                                  src/main.o
                                                  src/FP_FPM023.o
                                                  src/BLE_E104BT02.o
                                                  src/WIFI_E103W01.o
delay_cycles_us                                   src/ASF/common2/services/delay/sam0/systick_counter.o
delay_init                                        src/ASF/common2/services/delay/sam0/systick_counter.o
                                                  src/main.o
exception_table                                   src/ASF/sam0/utils/cmsis/samd20/source/gcc/startup_samd20.o
exit                                              d:/atmel/7.0/toolchain/arm/arm-gnu-toolchain/bin/../lib/gcc/arm-none-eabi/6.3.1/../../../../arm-none-eabi/lib/thumb/v6-m\libc_nano.a(lib_a-exit.o)
                                                  d:/atmel/7.0/toolchain/arm/arm-gnu-toolchain/bin/../lib/gcc/arm-none-eabi/6.3.1/../../../../arm-none-eabi/lib/thumb/v6-m/crt0.o
extint_chan_disable_callback                      src/ASF/sam0/drivers/extint/extint_callback.o
extint_chan_enable_callback                       src/ASF/sam0/drivers/extint/extint_callback.o
                                                  src/FP_FPM023.o
extint_chan_get_config_defaults                   src/ASF/sam0/drivers/extint/extint_sam_d_r_h/extint.o
                                                  src/FP_FPM023.o
extint_chan_set_config                            src/ASF/sam0/drivers/extint/extint_sam_d_r_h/extint.o
                                                  src/FP_FPM023.o
extint_disable_events                             src/ASF/sam0/drivers/extint/extint_sam_d_r_h/extint.o
extint_enable_events                              src/ASF/sam0/drivers/extint/extint_sam_d_r_h/extint.o
extint_get_current_channel                        src/ASF/sam0/drivers/extint/extint_callback.o
extint_nmi_set_config                             src/ASF/sam0/drivers/extint/extint_sam_d_r_h/extint.o
extint_register_callback                          src/ASF/sam0/drivers/extint/extint_callback.o
                                                  src/FP_FPM023.o
extint_unregister_callback                        src/ASF/sam0/drivers/extint/extint_callback.o
finger_reset                                      src/FP_FPM023.o
finger_rx_buffer                                  src/main.o
                                                  src/FP_FPM023.o
                                                  src/BLE_E104BT02.o
                                                  src/ASF/common2/boards/user_board/init.o
                                                  src/WIFI_E103W01.o
                                                  src/TC-timer.o
                                                  src/Comm_func.o
finger_transmitbuff                               src/FP_FPM023.o
g_interrupt_enabled                               src/ASF/common/utils/interrupt/interrupt_sam_nvic.o
hardware_init_hook                                d:/atmel/7.0/toolchain/arm/arm-gnu-toolchain/bin/../lib/gcc/arm-none-eabi/6.3.1/../../../../arm-none-eabi/lib/thumb/v6-m/crt0.o
link                                              src/ASF/sam0/utils/syscalls/gcc/syscalls.o
main                                              src/main.o
                                                  src/ASF/sam0/utils/cmsis/samd20/source/gcc/startup_samd20.o
                                                  d:/atmel/7.0/toolchain/arm/arm-gnu-toolchain/bin/../lib/gcc/arm-none-eabi/6.3.1/../../../../arm-none-eabi/lib/thumb/v6-m/crt0.o
memcpy                                            d:/atmel/7.0/toolchain/arm/arm-gnu-toolchain/bin/../lib/gcc/arm-none-eabi/6.3.1/../../../../arm-none-eabi/lib/thumb/v6-m\libc_nano.a(lib_a-memcpy-stub.o)
                                                  src/WIFI_E103W01.o
memset                                            d:/atmel/7.0/toolchain/arm/arm-gnu-toolchain/bin/../lib/gcc/arm-none-eabi/6.3.1/../../../../arm-none-eabi/lib/thumb/v6-m\libc_nano.a(lib_a-memset.o)
                                                  d:/atmel/7.0/toolchain/arm/arm-gnu-toolchain/bin/../lib/gcc/arm-none-eabi/6.3.1/../../../../arm-none-eabi/lib/thumb/v6-m/crt0.o
port_group_set_config                             src/ASF/sam0/drivers/port/port.o
port_pin_set_config                               src/ASF/sam0/drivers/port/port.o
                                                  src/FP_FPM023.o
                                                  src/BLE_E104BT02.o
                                                  src/WIFI_E103W01.o
                                                  src/Comm_func.o
rtc_count_clear_compare_match                     src/ASF/sam0/drivers/rtc/rtc_sam_d_r_h/rtc_count.o
rtc_count_disable                                 src/ASF/sam0/drivers/rtc/rtc_sam_d_r_h/rtc_count.o
rtc_count_disable_callback                        src/ASF/sam0/drivers/rtc/rtc_sam_d_r_h/rtc_count_interrupt.o
rtc_count_enable                                  src/ASF/sam0/drivers/rtc/rtc_sam_d_r_h/rtc_count.o
rtc_count_enable_callback                         src/ASF/sam0/drivers/rtc/rtc_sam_d_r_h/rtc_count_interrupt.o
rtc_count_frequency_correction                    src/ASF/sam0/drivers/rtc/rtc_sam_d_r_h/rtc_count.o
rtc_count_get_compare                             src/ASF/sam0/drivers/rtc/rtc_sam_d_r_h/rtc_count.o
rtc_count_get_count                               src/ASF/sam0/drivers/rtc/rtc_sam_d_r_h/rtc_count.o
rtc_count_get_period                              src/ASF/sam0/drivers/rtc/rtc_sam_d_r_h/rtc_count.o
rtc_count_init                                    src/ASF/sam0/drivers/rtc/rtc_sam_d_r_h/rtc_count.o
rtc_count_is_compare_match                        src/ASF/sam0/drivers/rtc/rtc_sam_d_r_h/rtc_count.o
rtc_count_register_callback                       src/ASF/sam0/drivers/rtc/rtc_sam_d_r_h/rtc_count_interrupt.o
rtc_count_reset                                   src/ASF/sam0/drivers/rtc/rtc_sam_d_r_h/rtc_count.o
rtc_count_set_compare                             src/ASF/sam0/drivers/rtc/rtc_sam_d_r_h/rtc_count.o
rtc_count_set_count                               src/ASF/sam0/drivers/rtc/rtc_sam_d_r_h/rtc_count.o
rtc_count_set_period                              src/ASF/sam0/drivers/rtc/rtc_sam_d_r_h/rtc_count.o
rtc_count_unregister_callback                     src/ASF/sam0/drivers/rtc/rtc_sam_d_r_h/rtc_count_interrupt.o
sercom_set_gclk_generator                         src/ASF/sam0/drivers/sercom/sercom.o
                                                  src/ASF/sam0/drivers/sercom/usart/usart.o
software_init_hook                                d:/atmel/7.0/toolchain/arm/arm-gnu-toolchain/bin/../lib/gcc/arm-none-eabi/6.3.1/../../../../arm-none-eabi/lib/thumb/v6-m/crt0.o
system_board_init                                 src/ASF/common2/boards/user_board/init.o
system_clock_init                                 src/ASF/sam0/drivers/system/clock/clock_samd20/clock.o
system_clock_source_dfll_set_config               src/ASF/sam0/drivers/system/clock/clock_samd20/clock.o
system_clock_source_disable                       src/ASF/sam0/drivers/system/clock/clock_samd20/clock.o
system_clock_source_enable                        src/ASF/sam0/drivers/system/clock/clock_samd20/clock.o
system_clock_source_get_hz                        src/ASF/sam0/drivers/system/clock/clock_samd20/clock.o
                                                  src/ASF/sam0/drivers/system/clock/clock_samd20/gclk.o
system_clock_source_is_ready                      src/ASF/sam0/drivers/system/clock/clock_samd20/clock.o
system_clock_source_osc32k_set_config             src/ASF/sam0/drivers/system/clock/clock_samd20/clock.o
system_clock_source_osc8m_set_config              src/ASF/sam0/drivers/system/clock/clock_samd20/clock.o
system_clock_source_write_calibration             src/ASF/sam0/drivers/system/clock/clock_samd20/clock.o
system_clock_source_xosc32k_set_config            src/ASF/sam0/drivers/system/clock/clock_samd20/clock.o
system_clock_source_xosc_set_config               src/ASF/sam0/drivers/system/clock/clock_samd20/clock.o
system_gclk_chan_disable                          src/ASF/sam0/drivers/system/clock/clock_samd20/gclk.o
                                                  src/ASF/sam0/drivers/extint/extint_sam_d_r_h/extint.o
system_gclk_chan_enable                           src/ASF/sam0/drivers/system/clock/clock_samd20/gclk.o
                                                  src/ASF/sam0/drivers/sercom/usart/usart.o
                                                  src/ASF/sam0/drivers/wdt/wdt.o
                                                  src/ASF/sam0/drivers/tc/tc_sam_d_r_h/tc.o
                                                  src/ASF/sam0/drivers/sercom/sercom.o
                                                  src/ASF/sam0/drivers/rtc/rtc_sam_d_r_h/rtc_count.o
                                                  src/ASF/sam0/drivers/extint/extint_sam_d_r_h/extint.o
system_gclk_chan_get_hz                           src/ASF/sam0/drivers/system/clock/clock_samd20/gclk.o
                                                  src/ASF/sam0/drivers/system/clock/clock_samd20/clock.o
                                                  src/ASF/sam0/drivers/sercom/usart/usart.o
system_gclk_chan_is_enabled                       src/ASF/sam0/drivers/system/clock/clock_samd20/gclk.o
system_gclk_chan_is_locked                        src/ASF/sam0/drivers/system/clock/clock_samd20/gclk.o
system_gclk_chan_lock                             src/ASF/sam0/drivers/system/clock/clock_samd20/gclk.o
                                                  src/ASF/sam0/drivers/wdt/wdt.o